Archive member included to satisfy reference by file (symbol)

D:/Stm32IDE/STM32CubeIDE_1.13.1/STM32CubeIDE/plugins/com.st.stm32cube.ide.mcu.externaltools.gnu-tools-for-stm32.11.3.rel1.win32_1.1.1.202309131626/tools/bin/../lib/gcc/arm-none-eabi/11.3.1/../../../../arm-none-eabi/lib/thumb/v7e-m+fp/hard\libc_nano.a(libc_a-atoi.o)
                              ./Core/Src/main.o (atoi)
D:/Stm32IDE/STM32CubeIDE_1.13.1/STM32CubeIDE/plugins/com.st.stm32cube.ide.mcu.externaltools.gnu-tools-for-stm32.11.3.rel1.win32_1.1.1.202309131626/tools/bin/../lib/gcc/arm-none-eabi/11.3.1/../../../../arm-none-eabi/lib/thumb/v7e-m+fp/hard\libc_nano.a(libc_a-exit.o)
                              D:/Stm32IDE/STM32CubeIDE_1.13.1/STM32CubeIDE/plugins/com.st.stm32cube.ide.mcu.externaltools.gnu-tools-for-stm32.11.3.rel1.win32_1.1.1.202309131626/tools/bin/../lib/gcc/arm-none-eabi/11.3.1/../../../../arm-none-eabi/lib/thumb/v7e-m+fp/hard/crt0.o (exit)
D:/Stm32IDE/STM32CubeIDE_1.13.1/STM32CubeIDE/plugins/com.st.stm32cube.ide.mcu.externaltools.gnu-tools-for-stm32.11.3.rel1.win32_1.1.1.202309131626/tools/bin/../lib/gcc/arm-none-eabi/11.3.1/../../../../arm-none-eabi/lib/thumb/v7e-m+fp/hard\libc_nano.a(libc_a-strtol.o)
                              D:/Stm32IDE/STM32CubeIDE_1.13.1/STM32CubeIDE/plugins/com.st.stm32cube.ide.mcu.externaltools.gnu-tools-for-stm32.11.3.rel1.win32_1.1.1.202309131626/tools/bin/../lib/gcc/arm-none-eabi/11.3.1/../../../../arm-none-eabi/lib/thumb/v7e-m+fp/hard\libc_nano.a(libc_a-atoi.o) (_strtol_r)
D:/Stm32IDE/STM32CubeIDE_1.13.1/STM32CubeIDE/plugins/com.st.stm32cube.ide.mcu.externaltools.gnu-tools-for-stm32.11.3.rel1.win32_1.1.1.202309131626/tools/bin/../lib/gcc/arm-none-eabi/11.3.1/../../../../arm-none-eabi/lib/thumb/v7e-m+fp/hard\libc_nano.a(libc_a-strtoul.o)
                              ./Core/Src/main.o (strtoul)
D:/Stm32IDE/STM32CubeIDE_1.13.1/STM32CubeIDE/plugins/com.st.stm32cube.ide.mcu.externaltools.gnu-tools-for-stm32.11.3.rel1.win32_1.1.1.202309131626/tools/bin/../lib/gcc/arm-none-eabi/11.3.1/../../../../arm-none-eabi/lib/thumb/v7e-m+fp/hard\libc_nano.a(libc_a-ctype_.o)
                              D:/Stm32IDE/STM32CubeIDE_1.13.1/STM32CubeIDE/plugins/com.st.stm32cube.ide.mcu.externaltools.gnu-tools-for-stm32.11.3.rel1.win32_1.1.1.202309131626/tools/bin/../lib/gcc/arm-none-eabi/11.3.1/../../../../arm-none-eabi/lib/thumb/v7e-m+fp/hard\libc_nano.a(libc_a-strtol.o) (_ctype_)
D:/Stm32IDE/STM32CubeIDE_1.13.1/STM32CubeIDE/plugins/com.st.stm32cube.ide.mcu.externaltools.gnu-tools-for-stm32.11.3.rel1.win32_1.1.1.202309131626/tools/bin/../lib/gcc/arm-none-eabi/11.3.1/../../../../arm-none-eabi/lib/thumb/v7e-m+fp/hard\libc_nano.a(libc_a-findfp.o)
                              D:/Stm32IDE/STM32CubeIDE_1.13.1/STM32CubeIDE/plugins/com.st.stm32cube.ide.mcu.externaltools.gnu-tools-for-stm32.11.3.rel1.win32_1.1.1.202309131626/tools/bin/../lib/gcc/arm-none-eabi/11.3.1/../../../../arm-none-eabi/lib/thumb/v7e-m+fp/hard\libc_nano.a(libc_a-exit.o) (__stdio_exit_handler)
D:/Stm32IDE/STM32CubeIDE_1.13.1/STM32CubeIDE/plugins/com.st.stm32cube.ide.mcu.externaltools.gnu-tools-for-stm32.11.3.rel1.win32_1.1.1.202309131626/tools/bin/../lib/gcc/arm-none-eabi/11.3.1/../../../../arm-none-eabi/lib/thumb/v7e-m+fp/hard\libc_nano.a(libc_a-fwalk.o)
                              D:/Stm32IDE/STM32CubeIDE_1.13.1/STM32CubeIDE/plugins/com.st.stm32cube.ide.mcu.externaltools.gnu-tools-for-stm32.11.3.rel1.win32_1.1.1.202309131626/tools/bin/../lib/gcc/arm-none-eabi/11.3.1/../../../../arm-none-eabi/lib/thumb/v7e-m+fp/hard\libc_nano.a(libc_a-findfp.o) (_fwalk_sglue)
D:/Stm32IDE/STM32CubeIDE_1.13.1/STM32CubeIDE/plugins/com.st.stm32cube.ide.mcu.externaltools.gnu-tools-for-stm32.11.3.rel1.win32_1.1.1.202309131626/tools/bin/../lib/gcc/arm-none-eabi/11.3.1/../../../../arm-none-eabi/lib/thumb/v7e-m+fp/hard\libc_nano.a(libc_a-sprintf.o)
                              ./Core/Src/ESP8266_HAL.o (sprintf)
D:/Stm32IDE/STM32CubeIDE_1.13.1/STM32CubeIDE/plugins/com.st.stm32cube.ide.mcu.externaltools.gnu-tools-for-stm32.11.3.rel1.win32_1.1.1.202309131626/tools/bin/../lib/gcc/arm-none-eabi/11.3.1/../../../../arm-none-eabi/lib/thumb/v7e-m+fp/hard\libc_nano.a(libc_a-stdio.o)
                              D:/Stm32IDE/STM32CubeIDE_1.13.1/STM32CubeIDE/plugins/com.st.stm32cube.ide.mcu.externaltools.gnu-tools-for-stm32.11.3.rel1.win32_1.1.1.202309131626/tools/bin/../lib/gcc/arm-none-eabi/11.3.1/../../../../arm-none-eabi/lib/thumb/v7e-m+fp/hard\libc_nano.a(libc_a-findfp.o) (__sread)
D:/Stm32IDE/STM32CubeIDE_1.13.1/STM32CubeIDE/plugins/com.st.stm32cube.ide.mcu.externaltools.gnu-tools-for-stm32.11.3.rel1.win32_1.1.1.202309131626/tools/bin/../lib/gcc/arm-none-eabi/11.3.1/../../../../arm-none-eabi/lib/thumb/v7e-m+fp/hard\libc_nano.a(libc_a-memmove.o)
                              ./Core/Src/main.o (memmove)
[...]
Memory Configuration

Name             Origin             Length             Attributes
RAM              0x0000000020000000 0x0000000000020000 xrw
FLASH            0x0000000008000000 0x0000000000008000 xr
*default*        0x0000000000000000 0xffffffffffffffff

Linker script and memory map

LOAD D:/Stm32IDE/STM32CubeIDE_1.13.1/STM32CubeIDE/plugins/com.st.stm32cube.ide.mcu.externaltools.gnu-tools-for-stm32.11.3.rel1.win32_1.1.1.202309131626/tools/bin/../lib/gcc/arm-none-eabi/11.3.1/thumb/v7e-m+fp/hard/crti.o
LOAD D:/Stm32IDE/STM32CubeIDE_1.13.1/STM32CubeIDE/plugins/com.st.stm32cube.ide.mcu.externaltools.gnu-tools-for-stm32.11.3.rel1.win32_1.1.1.202309131626/tools/bin/../lib/gcc/arm-none-eabi/11.3.1/thumb/v7e-m+fp/hard/crtbegin.o
LOAD D:/Stm32IDE/STM32CubeIDE_1.13.1/STM32CubeIDE/plugins/com.st.stm32cube.ide.mcu.externaltools.gnu-tools-for-stm32.11.3.rel1.win32_1.1.1.202309131626/tools/bin/../lib/gcc/arm-none-eabi/11.3.1/../../../../arm-none-eabi/lib/thumb/v7e-m+fp/hard/crt0.o
LOAD ./Core/Src/ESP8266_HAL.o
LOAD ./Core/Src/FLASH_SECTOR_F4.o
LOAD ./Core/Src/UartRingbuffer_multi.o
LOAD ./Core/Src/boot.o
LOAD ./Core/Src/main.o
LOAD ./Core/Src/parse.o
LOAD ./Core/Src/stm32f4xx_hal_msp.o
LOAD ./Core/Src/stm32f4xx_it.o
LOAD ./Core/Src/syscalls.o
LOAD ./Core/Src/sysmem.o
LOAD ./Core/Src/system_stm32f4xx.o
LOAD ./Core/Startup/startup_stm32f411ceux.o
LOAD ./Drivers/STM32F4xx_HAL_Driver/Src/stm32f4xx_hal.o
LOAD ./Drivers/STM32F4xx_HAL_Driver/Src/stm32f4xx_hal_cortex.o
LOAD ./Drivers/STM32F4xx_HAL_Driver/Src/stm32f4xx_hal_dma.o
LOAD ./Drivers/STM32F4xx_HAL_Driver/Src/stm32f4xx_hal_dma_ex.o
LOAD ./Drivers/STM32F4xx_HAL_Driver/Src/stm32f4xx_hal_exti.o
LOAD ./Drivers/STM32F4xx_HAL_Driver/Src/stm32f4xx_hal_flash.o
LOAD ./Drivers/STM32F4xx_HAL_Driver/Src/stm32f4xx_hal_flash_ex.o
LOAD ./Drivers/STM32F4xx_HAL_Driver/Src/stm32f4xx_hal_flash_ramfunc.o
LOAD ./Drivers/STM32F4xx_HAL_Driver/Src/stm32f4xx_hal_gpio.o
LOAD ./Drivers/STM32F4xx_HAL_Driver/Src/stm32f4xx_hal_pwr.o
LOAD ./Drivers/STM32F4xx_HAL_Driver/Src/stm32f4xx_hal_pwr_ex.o
LOAD ./Drivers/STM32F4xx_HAL_Driver/Src/stm32f4xx_hal_rcc.o
LOAD ./Drivers/STM32F4xx_HAL_Driver/Src/stm32f4xx_hal_rcc_ex.o
LOAD ./Drivers/STM32F4xx_HAL_Driver/Src/stm32f4xx_hal_tim.o
LOAD ./Drivers/STM32F4xx_HAL_Driver/Src/stm32f4xx_hal_tim_ex.o
LOAD ./Drivers/STM32F4xx_HAL_Driver/Src/stm32f4xx_hal_uart.o
START GROUP
LOAD D:/Stm32IDE/STM32CubeIDE_1.13.1/STM32CubeIDE/plugins/com.st.stm32cube.ide.mcu.externaltools.gnu-tools-for-stm32.11.3.rel1.win32_1.1.1.202309131626/tools/bin/../lib/gcc/arm-none-eabi/11.3.1/../../../../arm-none-eabi/lib/thumb/v7e-m+fp/hard\libc_nano.a
LOAD D:/Stm32IDE/STM32CubeIDE_1.13.1/STM32CubeIDE/plugins/com.st.stm32cube.ide.mcu.externaltools.gnu-tools-for-stm32.11.3.rel1.win32_1.1.1.202309131626/tools/bin/../lib/gcc/arm-none-eabi/11.3.1/../../../../arm-none-eabi/lib/thumb/v7e-m+fp/hard\libm.a
END GROUP
START GROUP
LOAD D:/Stm32IDE/STM32CubeIDE_1.13.1/STM32CubeIDE/plugins/com.st.stm32cube.ide.mcu.externaltools.gnu-tools-for-stm32.11.3.rel1.win32_1.1.1.202309131626/tools/bin/../lib/gcc/arm-none-eabi/11.3.1/thumb/v7e-m+fp/hard\libgcc.a
LOAD D:/Stm32IDE/STM32CubeIDE_1.13.1/STM32CubeIDE/plugins/com.st.stm32cube.ide.mcu.externaltools.gnu-tools-for-stm32.11.3.rel1.win32_1.1.1.202309131626/tools/bin/../lib/gcc/arm-none-eabi/11.3.1/../../../../arm-none-eabi/lib/thumb/v7e-m+fp/hard\libc_nano.a
END GROUP
START GROUP
LOAD D:/Stm32IDE/STM32CubeIDE_1.13.1/STM32CubeIDE/plugins/com.st.stm32cube.ide.mcu.externaltools.gnu-tools-for-stm32.11.3.rel1.win32_1.1.1.202309131626/tools/bin/../lib/gcc/arm-none-eabi/11.3.1/thumb/v7e-m+fp/hard\libgcc.a
LOAD D:/Stm32IDE/STM32CubeIDE_1.13.1/STM32CubeIDE/plugins/com.st.stm32cube.ide.mcu.externaltools.gnu-tools-for-stm32.11.3.rel1.win32_1.1.1.202309131626/tools/bin/../lib/gcc/arm-none-eabi/11.3.1/../../../../arm-none-eabi/lib/thumb/v7e-m+fp/hard\libc_nano.a
LOAD D:/Stm32IDE/STM32CubeIDE_1.13.1/STM32CubeIDE/plugins/com.st.stm32cube.ide.mcu.externaltools.gnu-tools-for-stm32.11.3.rel1.win32_1.1.1.202309131626/tools/bin/../lib/gcc/arm-none-eabi/11.3.1/../../../../arm-none-eabi/lib/thumb/v7e-m+fp/hard\libnosys.a
END GROUP
START GROUP
LOAD D:/Stm32IDE/STM32CubeIDE_1.13.1/STM32CubeIDE/plugins/com.st.stm32cube.ide.mcu.externaltools.gnu-tools-for-stm32.11.3.rel1.win32_1.1.1.202309131626/tools/bin/../lib/gcc/arm-none-eabi/11.3.1/thumb/v7e-m+fp/hard\libgcc.a
LOAD D:/Stm32IDE/STM32CubeIDE_1.13.1/STM32CubeIDE/plugins/com.st.stm32cube.ide.mcu.externaltools.gnu-tools-for-stm32.11.3.rel1.win32_1.1.1.202309131626/tools/bin/../lib/gcc/arm-none-eabi/11.3.1/../../../../arm-none-eabi/lib/thumb/v7e-m+fp/hard\libc_nano.a
LOAD D:/Stm32IDE/STM32CubeIDE_1.13.1/STM32CubeIDE/plugins/com.st.stm32cube.ide.mcu.externaltools.gnu-tools-for-stm32.11.3.rel1.win32_1.1.1.202309131626/tools/bin/../lib/gcc/arm-none-eabi/11.3.1/../../../../arm-none-eabi/lib/thumb/v7e-m+fp/hard\libnosys.a
END GROUP
LOAD D:/Stm32IDE/STM32CubeIDE_1.13.1/STM32CubeIDE/plugins/com.st.stm32cube.ide.mcu.externaltools.gnu-tools-for-stm32.11.3.rel1.win32_1.1.1.202309131626/tools/bin/../lib/gcc/arm-none-eabi/11.3.1/thumb/v7e-m+fp/hard/crtend.o
LOAD D:/Stm32IDE/STM32CubeIDE_1.13.1/STM32CubeIDE/plugins/com.st.stm32cube.ide.mcu.externaltools.gnu-tools-for-stm32.11.3.rel1.win32_1.1.1.202309131626/tools/bin/../lib/gcc/arm-none-eabi/11.3.1/thumb/v7e-m+fp/hard/crtn.o
                0x0000000020020000                _estack = (ORIGIN (RAM) + LENGTH (RAM))
                0x0000000000000200                _Min_Heap_Size = 0x200
                0x0000000000000400                _Min_Stack_Size = 0x400

.isr_vector     0x0000000008000000      0x198
                0x0000000008000000                . = ALIGN (0x4)
 *(.isr_vector)
 .isr_vector    0x0000000008000000      0x198 ./Core/Startup/startup_stm32f411ceux.o
                0x0000000008000000                g_pfnVectors
                0x0000000008000198                . = ALIGN (0x4)

.text           0x00000000080001a0     0x4e2c
                0x00000000080001a0                . = ALIGN (0x4)
 *(.text)
 .text          0x00000000080001a0       0x40 D:/Stm32IDE/STM32CubeIDE_1.13.1/STM32CubeIDE/plugins/com.st.stm32cube.ide.mcu.externaltools.gnu-tools-for-stm32.11.3.rel1.win32_1.1.1.202309131626/tools/bin/../lib/gcc/arm-none-eabi/11.3.1/thumb/v7e-m+fp/hard/crtbegin.o
 .text          0x00000000080001e0       0x14 D:/Stm32IDE/STM32CubeIDE_1.13.1/STM32CubeIDE/plugins/com.st.stm32cube.ide.mcu.externaltools.gnu-tools-for-stm32.11.3.rel1.win32_1.1.1.202309131626/tools/bin/../lib/gcc/arm-none-eabi/11.3.1/../../../../arm-none-eabi/lib/thumb/v7e-m+fp/hard\libc_nano.a(libc_a-strcmp.o)
                0x00000000080001e0                strcmp
 .text          0x00000000080001f4       0x10 D:/Stm32IDE/STM32CubeIDE_1.13.1/STM32CubeIDE/plugins/com.st.stm32cube.ide.mcu.externaltools.gnu-tools-for-stm32.11.3.rel1.win32_1.1.1.202309131626/tools/bin/../lib/gcc/arm-none-eabi/11.3.1/../../../../arm-none-eabi/lib/thumb/v7e-m+fp/hard\libc_nano.a(libc_a-strlen.o)
                0x00000000080001f4                strlen
 *fill*         0x0000000008000204        0xc 
 .text          0x0000000008000210       0xa0 D:/Stm32IDE/STM32CubeIDE_1.13.1/STM32CubeIDE/plugins/com.st.stm32cube.ide.mcu.externaltools.gnu-tools-for-stm32.11.3.rel1.win32_1.1.1.202309131626/tools/bin/../lib/gcc/arm-none-eabi/11.3.1/../../../../arm-none-eabi/lib/thumb/v7e-m+fp/hard\libc_nano.a(libc_a-memchr.o)
                0x0000000008000210                memchr
 .text          0x00000000080002b0       0x30 D:/Stm32IDE/STM32CubeIDE_1.13.1/STM32CubeIDE/plugins/com.st.stm32cube.ide.mcu.externaltools.gnu-tools-for-stm32.11.3.rel1.win32_1.1.1.202309131626/tools/bin/../lib/gcc/arm-none-eabi/11.3.1/thumb/v7e-m+fp/hard\libgcc.a(_aeabi_uldivmod.o)
                0x00000000080002b0                __aeabi_uldivmod
 .text          0x00000000080002e0      0x2c8 D:/Stm32IDE/STM32CubeIDE_1.13.1/STM32CubeIDE/plugins/com.st.stm32cube.ide.mcu.externaltools.gnu-tools-for-stm32.11.3.rel1.win32_1.1.1.202309131626/tools/bin/../lib/gcc/arm-none-eabi/11.3.1/thumb/v7e-m+fp/hard\libgcc.a(_udivmoddi4.o)
                0x00000000080002e0                __udivmoddi4
 .text          0x00000000080005a8        0x4 D:/Stm32IDE/STM32CubeIDE_1.13.1/STM32CubeIDE/plugins/com.st.stm32cube.ide.mcu.externaltools.gnu-tools-for-stm32.11.3.rel1.win32_1.1.1.202309131626/tools/bin/../lib/gcc/arm-none-eabi/11.3.1/thumb/v7e-m+fp/hard\libgcc.a(_dvmd_tls.o)
                0x00000000080005a8                __aeabi_idiv0
                0x00000000080005a8                __aeabi_ldiv0
 *(.text*)
 .text.ESP_Init
                0x00000000080005ac       0xcc ./Core/Src/ESP8266_HAL.o
                0x00000000080005ac                ESP_Init
 .text.bufclr   0x0000000008000678       0x3a ./Core/Src/ESP8266_HAL.o
                0x0000000008000678                bufclr
 *fill*         0x00000000080006b2        0x2 
 .text.ESP_Get_Latest_Version
                0x00000000080006b4      0x13c ./Core/Src/ESP8266_HAL.o
                0x00000000080006b4                ESP_Get_Latest_Version
 .text.GetSector
                0x00000000080007f0       0xf4 ./Core/Src/FLASH_SECTOR_F4.o
 .text.read_data
                0x00000000080008e4       0x1c ./Core/Src/FLASH_SECTOR_F4.o
                0x00000000080008e4                read_data
 .text.Flash_Write_Data_Int
                0x0000000008000900       0x30 ./Core/Src/FLASH_SECTOR_F4.o
                0x0000000008000900                Flash_Write_Data_Int
 .text.Flash_Erase
                0x0000000008000930       0x70 ./Core/Src/FLASH_SECTOR_F4.o
                0x0000000008000930                Flash_Erase
 .text.Ringbuf_init
                0x00000000080009a0       0x90 ./Core/Src/UartRingbuffer_multi.o
                0x00000000080009a0                Ringbuf_init
 .text.store_char
                0x0000000008000a30       0x58 ./Core/Src/UartRingbuffer_multi.o
                0x0000000008000a30                store_char
 .text.Uart_flush
                0x0000000008000a88       0x64 ./Core/Src/UartRingbuffer_multi.o
                0x0000000008000a88                Uart_flush
 .text.Uart_peek
                0x0000000008000aec       0x8c ./Core/Src/UartRingbuffer_multi.o
                0x0000000008000aec                Uart_peek
 .text.Uart_read
                0x0000000008000b78       0xe0 ./Core/Src/UartRingbuffer_multi.o
                0x0000000008000b78                Uart_read
 .text.Uart_write
                0x0000000008000c58       0xf8 ./Core/Src/UartRingbuffer_multi.o
                0x0000000008000c58                Uart_write
 .text.IsDataAvailable
                0x0000000008000d50       0xa4 ./Core/Src/UartRingbuffer_multi.o
                0x0000000008000d50                IsDataAvailable
 .text.Uart_sendstring
                0x0000000008000df4       0x2e ./Core/Src/UartRingbuffer_multi.o
                0x0000000008000df4                Uart_sendstring
 *fill*         0x0000000008000e22        0x2 
 .text.Copy_upto_rn
                0x0000000008000e24      0x17c ./Core/Src/UartRingbuffer_multi.o
                0x0000000008000e24                Copy_upto_rn
 .text.Copy_upto_closed
                0x0000000008000fa0      0x194 ./Core/Src/UartRingbuffer_multi.o
                0x0000000008000fa0                Copy_upto_closed
 .text.Wait_for
                0x0000000008001134      0x1c8 ./Core/Src/UartRingbuffer_multi.o
                0x0000000008001134                Wait_for
 .text.Uart_isr
                0x00000000080012fc      0x174 ./Core/Src/UartRingbuffer_multi.o
                0x00000000080012fc                Uart_isr
 .text.jump_to_app
                0x0000000008001470       0x5c ./Core/Src/boot.o
                0x0000000008001470                jump_to_app
 .text.removeAndShift
                0x00000000080014cc       0x9a ./Core/Src/main.o
                0x00000000080014cc                removeAndShift
 .text.convert_uint8_to_int
                0x0000000008001566       0x78 ./Core/Src/main.o
                0x0000000008001566                convert_uint8_to_int
 .text.hexPairToInt
                0x00000000080015de       0xa8 ./Core/Src/main.o
                0x00000000080015de                hexPairToInt
 *fill*         0x0000000008001686        0x2 
 .text.print_pc
                0x0000000008001688       0x1c ./Core/Src/main.o
                0x0000000008001688                print_pc
 .text.print_pc_version
                0x00000000080016a4       0x2c ./Core/Src/main.o
                0x00000000080016a4                print_pc_version
 .text.count_string
                0x00000000080016d0       0x36 ./Core/Src/main.o
                0x00000000080016d0                count_string
 *fill*         0x0000000008001706        0x2 
 .text.count_string2
                0x0000000008001708       0x48 ./Core/Src/main.o
                0x0000000008001708                count_string2
 .text.count_string3
                0x0000000008001750       0x60 ./Core/Src/main.o
                0x0000000008001750                count_string3
 .text.count_where_error
                0x00000000080017b0       0x36 ./Core/Src/main.o
                0x00000000080017b0                count_where_error
 *fill*         0x00000000080017e6        0x2 
 .text.count_string4
                0x00000000080017e8       0x54 ./Core/Src/main.o
                0x00000000080017e8                count_string4
 .text.ReadAllLine
                0x000000000800183c      0x290 ./Core/Src/main.o
                0x000000000800183c                ReadAllLine
 .text.CopyandFlash
                0x0000000008001acc      0x3a4 ./Core/Src/main.o
                0x0000000008001acc                CopyandFlash
 .text.parse_character_strings
                0x0000000008001e70       0xbc ./Core/Src/main.o
                0x0000000008001e70                parse_character_strings
 .text.compare_version
                0x0000000008001f2c      0x150 ./Core/Src/main.o
                0x0000000008001f2c                compare_version
 .text.ESP_Get_Firmware
                0x000000000800207c      0x118 ./Core/Src/main.o
                0x000000000800207c                ESP_Get_Firmware
 .text.main     0x0000000008002194      0x1b0 ./Core/Src/main.o
                0x0000000008002194                main
 .text.SystemClock_Config
                0x0000000008002344       0xbc ./Core/Src/main.o
                0x0000000008002344                SystemClock_Config
 .text.MX_USART1_UART_Init
                0x0000000008002400       0x54 ./Core/Src/main.o
 .text.MX_USART2_UART_Init
                0x0000000008002454       0x54 ./Core/Src/main.o
 .text.MX_GPIO_Init
                0x00000000080024a8       0x34 ./Core/Src/main.o
 .text.Error_Handler
                0x00000000080024dc        0xa ./Core/Src/main.o
                0x00000000080024dc                Error_Handler
 *fill*         0x00000000080024e6        0x2 
 .text.HAL_MspInit
                0x00000000080024e8       0x50 ./Core/Src/stm32f4xx_hal_msp.o
                0x00000000080024e8                HAL_MspInit
 .text.HAL_UART_MspInit
                0x0000000008002538      0x118 ./Core/Src/stm32f4xx_hal_msp.o
                0x0000000008002538                HAL_UART_MspInit
 .text.NMI_Handler
                0x0000000008002650        0x6 ./Core/Src/stm32f4xx_it.o
                0x0000000008002650                NMI_Handler
 .text.HardFault_Handler
                0x0000000008002656        0x6 ./Core/Src/stm32f4xx_it.o
                0x0000000008002656                HardFault_Handler
 .text.MemManage_Handler
                0x000000000800265c        0x6 ./Core/Src/stm32f4xx_it.o
                0x000000000800265c                MemManage_Handler
 .text.BusFault_Handler
                0x0000000008002662        0x6 ./Core/Src/stm32f4xx_it.o
                0x0000000008002662                BusFault_Handler
 .text.UsageFault_Handler
                0x0000000008002668        0x6 ./Core/Src/stm32f4xx_it.o
                0x0000000008002668                UsageFault_Handler
 .text.SVC_Handler
                0x000000000800266e        0xe ./Core/Src/stm32f4xx_it.o
                0x000000000800266e                SVC_Handler
 .text.DebugMon_Handler
                0x000000000800267c        0xe ./Core/Src/stm32f4xx_it.o
                0x000000000800267c                DebugMon_Handler
 .text.PendSV_Handler
                0x000000000800268a        0xe ./Core/Src/stm32f4xx_it.o
                0x000000000800268a                PendSV_Handler
 .text.SysTick_Handler
                0x0000000008002698        0xc ./Core/Src/stm32f4xx_it.o
                0x0000000008002698                SysTick_Handler
 .text.USART1_IRQHandler
                0x00000000080026a4       0x14 ./Core/Src/stm32f4xx_it.o
                0x00000000080026a4                USART1_IRQHandler
 .text.USART2_IRQHandler
                0x00000000080026b8       0x14 ./Core/Src/stm32f4xx_it.o
                0x00000000080026b8                USART2_IRQHandler
 .text._sbrk    0x00000000080026cc       0x6c ./Core/Src/sysmem.o
                0x00000000080026cc                _sbrk
 .text.SystemInit
                0x0000000008002738       0x24 ./Core/Src/system_stm32f4xx.o
                0x0000000008002738                SystemInit
 .text.Reset_Handler
                0x000000000800275c       0x50 ./Core/Startup/startup_stm32f411ceux.o
                0x000000000800275c                Reset_Handler
 .text.Default_Handler
                0x00000000080027ac        0x2 ./Core/Startup/startup_stm32f411ceux.o
                0x00000000080027ac                RTC_Alarm_IRQHandler
                0x00000000080027ac                EXTI2_IRQHandler
                0x00000000080027ac                SPI4_IRQHandler
                0x00000000080027ac                TIM1_CC_IRQHandler
                0x00000000080027ac                DMA2_Stream5_IRQHandler
                0x00000000080027ac                DMA1_Stream5_IRQHandler
                0x00000000080027ac                PVD_IRQHandler
                0x00000000080027ac                SDIO_IRQHandler
                0x00000000080027ac                TAMP_STAMP_IRQHandler
                0x00000000080027ac                EXTI3_IRQHandler
                0x00000000080027ac                TIM1_UP_TIM10_IRQHandler
                0x00000000080027ac                I2C3_ER_IRQHandler
                0x00000000080027ac                EXTI0_IRQHandler
                0x00000000080027ac                I2C2_EV_IRQHandler
                0x00000000080027ac                DMA1_Stream2_IRQHandler
                0x00000000080027ac                FPU_IRQHandler
                0x00000000080027ac                DMA2_Stream2_IRQHandler
                0x00000000080027ac                SPI1_IRQHandler
                0x00000000080027ac                TIM1_BRK_TIM9_IRQHandler
                0x00000000080027ac                DMA2_Stream3_IRQHandler
                0x00000000080027ac                USART6_IRQHandler
                0x00000000080027ac                DMA2_Stream0_IRQHandler
                0x00000000080027ac                TIM4_IRQHandler
                0x00000000080027ac                I2C1_EV_IRQHandler
                0x00000000080027ac                DMA1_Stream6_IRQHandler
                0x00000000080027ac                DMA1_Stream1_IRQHandler
                0x00000000080027ac                TIM3_IRQHandler
                0x00000000080027ac                RCC_IRQHandler
                0x00000000080027ac                Default_Handler
                0x00000000080027ac                EXTI15_10_IRQHandler
                0x00000000080027ac                ADC_IRQHandler
                0x00000000080027ac                DMA1_Stream7_IRQHandler
                0x00000000080027ac                SPI5_IRQHandler
                0x00000000080027ac                TIM5_IRQHandler
                0x00000000080027ac                DMA2_Stream7_IRQHandler
                0x00000000080027ac                I2C3_EV_IRQHandler
                0x00000000080027ac                EXTI9_5_IRQHandler
                0x00000000080027ac                RTC_WKUP_IRQHandler
                0x00000000080027ac                SPI2_IRQHandler
                0x00000000080027ac                DMA1_Stream0_IRQHandler
                0x00000000080027ac                EXTI4_IRQHandler
                0x00000000080027ac                WWDG_IRQHandler
                0x00000000080027ac                TIM2_IRQHandler
                0x00000000080027ac                OTG_FS_WKUP_IRQHandler
                0x00000000080027ac                TIM1_TRG_COM_TIM11_IRQHandler
                0x00000000080027ac                EXTI1_IRQHandler
                0x00000000080027ac                I2C2_ER_IRQHandler
                0x00000000080027ac                DMA2_Stream1_IRQHandler
                0x00000000080027ac                FLASH_IRQHandler
                0x00000000080027ac                DMA2_Stream4_IRQHandler
                0x00000000080027ac                OTG_FS_IRQHandler
                0x00000000080027ac                SPI3_IRQHandler
                0x00000000080027ac                DMA1_Stream4_IRQHandler
                0x00000000080027ac                I2C1_ER_IRQHandler
                0x00000000080027ac                DMA2_Stream6_IRQHandler
                0x00000000080027ac                DMA1_Stream3_IRQHandler
 *fill*         0x00000000080027ae        0x2 
 .text.HAL_Init
                0x00000000080027b0       0x44 ./Drivers/STM32F4xx_HAL_Driver/Src/stm32f4xx_hal.o
                0x00000000080027b0                HAL_Init
 .text.HAL_DeInit
                0x00000000080027f4       0x58 ./Drivers/STM32F4xx_HAL_Driver/Src/stm32f4xx_hal.o
                0x00000000080027f4                HAL_DeInit
 .text.HAL_MspDeInit
                0x000000000800284c        0xe ./Drivers/STM32F4xx_HAL_Driver/Src/stm32f4xx_hal.o
                0x000000000800284c                HAL_MspDeInit
 *fill*         0x000000000800285a        0x2 
 .text.HAL_InitTick
                0x000000000800285c       0x60 ./Drivers/STM32F4xx_HAL_Driver/Src/stm32f4xx_hal.o
                0x000000000800285c                HAL_InitTick
 .text.HAL_IncTick
                0x00000000080028bc       0x28 ./Drivers/STM32F4xx_HAL_Driver/Src/stm32f4xx_hal.o
                0x00000000080028bc                HAL_IncTick
 .text.HAL_GetTick
                0x00000000080028e4       0x18 ./Drivers/STM32F4xx_HAL_Driver/Src/stm32f4xx_hal.o
                0x00000000080028e4                HAL_GetTick
 .text.HAL_Delay
                0x00000000080028fc       0x48 ./Drivers/STM32F4xx_HAL_Driver/Src/stm32f4xx_hal.o
                0x00000000080028fc                HAL_Delay
 .text.__NVIC_SetPriorityGrouping
                0x0000000008002944       0x48 ./Drivers/STM32F4xx_HAL_Driver/Src/stm32f4xx_hal_cortex.o
 .text.__NVIC_GetPriorityGrouping
                0x000000000800298c       0x1c ./Drivers/STM32F4xx_HAL_Driver/Src/stm32f4xx_hal_cortex.o
 .text.__NVIC_EnableIRQ
                0x00000000080029a8       0x3c ./Drivers/STM32F4xx_HAL_Driver/Src/stm32f4xx_hal_cortex.o
 .text.__NVIC_SetPriority
                0x00000000080029e4       0x54 ./Drivers/STM32F4xx_HAL_Driver/Src/stm32f4xx_hal_cortex.o
 .text.NVIC_EncodePriority
                0x0000000008002a38       0x66 ./Drivers/STM32F4xx_HAL_Driver/Src/stm32f4xx_hal_cortex.o
 *fill*         0x0000000008002a9e        0x2 
 .text.SysTick_Config
                0x0000000008002aa0       0x44 ./Drivers/STM32F4xx_HAL_Driver/Src/stm32f4xx_hal_cortex.o
 .text.HAL_NVIC_SetPriorityGrouping
                0x0000000008002ae4       0x16 ./Drivers/STM32F4xx_HAL_Driver/Src/stm32f4xx_hal_cortex.o
                0x0000000008002ae4                HAL_NVIC_SetPriorityGrouping
 .text.HAL_NVIC_SetPriority
                0x0000000008002afa       0x38 ./Drivers/STM32F4xx_HAL_Driver/Src/stm32f4xx_hal_cortex.o
                0x0000000008002afa                HAL_NVIC_SetPriority
 .text.HAL_NVIC_EnableIRQ
                0x0000000008002b32       0x1c ./Drivers/STM32F4xx_HAL_Driver/Src/stm32f4xx_hal_cortex.o
                0x0000000008002b32                HAL_NVIC_EnableIRQ
 .text.HAL_SYSTICK_Config
                0x0000000008002b4e       0x18 ./Drivers/STM32F4xx_HAL_Driver/Src/stm32f4xx_hal_cortex.o
                0x0000000008002b4e                HAL_SYSTICK_Config
 *fill*         0x0000000008002b66        0x2 
 .text.HAL_FLASH_Program
                0x0000000008002b68       0xa8 ./Drivers/STM32F4xx_HAL_Driver/Src/stm32f4xx_hal_flash.o
                0x0000000008002b68                HAL_FLASH_Program
 .text.HAL_FLASH_Unlock
                0x0000000008002c10       0x44 ./Drivers/STM32F4xx_HAL_Driver/Src/stm32f4xx_hal_flash.o
                0x0000000008002c10                HAL_FLASH_Unlock
 .text.HAL_FLASH_Lock
                0x0000000008002c54       0x20 ./Drivers/STM32F4xx_HAL_Driver/Src/stm32f4xx_hal_flash.o
                0x0000000008002c54                HAL_FLASH_Lock
 .text.HAL_FLASH_GetError
                0x0000000008002c74       0x18 ./Drivers/STM32F4xx_HAL_Driver/Src/stm32f4xx_hal_flash.o
                0x0000000008002c74                HAL_FLASH_GetError
 .text.FLASH_WaitForLastOperation
                0x0000000008002c8c       0x80 ./Drivers/STM32F4xx_HAL_Driver/Src/stm32f4xx_hal_flash.o
                0x0000000008002c8c                FLASH_WaitForLastOperation
 .text.FLASH_Program_DoubleWord
                0x0000000008002d0c       0x64 ./Drivers/STM32F4xx_HAL_Driver/Src/stm32f4xx_hal_flash.o
 .text.FLASH_Program_Word
                0x0000000008002d70       0x44 ./Drivers/STM32F4xx_HAL_Driver/Src/stm32f4xx_hal_flash.o
 .text.FLASH_Program_HalfWord
                0x0000000008002db4       0x48 ./Drivers/STM32F4xx_HAL_Driver/Src/stm32f4xx_hal_flash.o
 .text.FLASH_Program_Byte
                0x0000000008002dfc       0x44 ./Drivers/STM32F4xx_HAL_Driver/Src/stm32f4xx_hal_flash.o
 .text.FLASH_SetErrorCode
                0x0000000008002e40       0xcc ./Drivers/STM32F4xx_HAL_Driver/Src/stm32f4xx_hal_flash.o
 .text.HAL_FLASHEx_Erase
                0x0000000008002f0c       0xe0 ./Drivers/STM32F4xx_HAL_Driver/Src/stm32f4xx_hal_flash_ex.o
                0x0000000008002f0c                HAL_FLASHEx_Erase
 .text.FLASH_MassErase
                0x0000000008002fec       0x48 ./Drivers/STM32F4xx_HAL_Driver/Src/stm32f4xx_hal_flash_ex.o
 .text.FLASH_Erase_Sector
                0x0000000008003034       0x90 ./Drivers/STM32F4xx_HAL_Driver/Src/stm32f4xx_hal_flash_ex.o
                0x0000000008003034                FLASH_Erase_Sector
 .text.FLASH_FlushCaches
                0x00000000080030c4       0x8c ./Drivers/STM32F4xx_HAL_Driver/Src/stm32f4xx_hal_flash_ex.o
                0x00000000080030c4                FLASH_FlushCaches
 .text.HAL_GPIO_Init
                0x0000000008003150      0x308 ./Drivers/STM32F4xx_HAL_Driver/Src/stm32f4xx_hal_gpio.o
                0x0000000008003150                HAL_GPIO_Init
 .text.HAL_RCC_OscConfig
                0x0000000008003458      0x4f0 ./Drivers/STM32F4xx_HAL_Driver/Src/stm32f4xx_hal_rcc.o
                0x0000000008003458                HAL_RCC_OscConfig
 .text.HAL_RCC_ClockConfig
                0x0000000008003948      0x1cc ./Drivers/STM32F4xx_HAL_Driver/Src/stm32f4xx_hal_rcc.o
                0x0000000008003948                HAL_RCC_ClockConfig
 .text.HAL_RCC_GetSysClockFreq
                0x0000000008003b14      0x18c ./Drivers/STM32F4xx_HAL_Driver/Src/stm32f4xx_hal_rcc.o
                0x0000000008003b14                HAL_RCC_GetSysClockFreq
 .text.HAL_RCC_GetHCLKFreq
                0x0000000008003ca0       0x18 ./Drivers/STM32F4xx_HAL_Driver/Src/stm32f4xx_hal_rcc.o
                0x0000000008003ca0                HAL_RCC_GetHCLKFreq
 .text.HAL_RCC_GetPCLK1Freq
                0x0000000008003cb8       0x28 ./Drivers/STM32F4xx_HAL_Driver/Src/stm32f4xx_hal_rcc.o
                0x0000000008003cb8                HAL_RCC_GetPCLK1Freq
 .text.HAL_RCC_GetPCLK2Freq
                0x0000000008003ce0       0x28 ./Drivers/STM32F4xx_HAL_Driver/Src/stm32f4xx_hal_rcc.o
                0x0000000008003ce0                HAL_RCC_GetPCLK2Freq
 .text.HAL_RCC_DeInit
                0x0000000008003d08      0x19c ./Drivers/STM32F4xx_HAL_Driver/Src/stm32f4xx_hal_rcc_ex.o
                0x0000000008003d08                HAL_RCC_DeInit
 .text.HAL_UART_Init
                0x0000000008003ea4       0x9a ./Drivers/STM32F4xx_HAL_Driver/Src/stm32f4xx_hal_uart.o
                0x0000000008003ea4                HAL_UART_Init
 *fill*         0x0000000008003f3e        0x2 
 .text.UART_SetConfig
                0x0000000008003f40      0x4e8 ./Drivers/STM32F4xx_HAL_Driver/Src/stm32f4xx_hal_uart.o
 .text.atoi     0x0000000008004428        0x8 D:/Stm32IDE/STM32CubeIDE_1.13.1/STM32CubeIDE/plugins/com.st.stm32cube.ide.mcu.externaltools.gnu-tools-for-stm32.11.3.rel1.win32_1.1.1.202309131626/tools/bin/../lib/gcc/arm-none-eabi/11.3.1/../../../../arm-none-eabi/lib/thumb/v7e-m+fp/hard\libc_nano.a(libc_a-atoi.o)
                0x0000000008004428                atoi
 .text._strtol_l.constprop.0
                0x0000000008004430      0x104 D:/Stm32IDE/STM32CubeIDE_1.13.1/STM32CubeIDE/plugins/com.st.stm32cube.ide.mcu.externaltools.gnu-tools-for-stm32.11.3.rel1.win32_1.1.1.202309131626/tools/bin/../lib/gcc/arm-none-eabi/11.3.1/../../../../arm-none-eabi/lib/thumb/v7e-m+fp/hard\libc_nano.a(libc_a-strtol.o)
 .text.strtol   0x0000000008004534       0x14 D:/Stm32IDE/STM32CubeIDE_1.13.1/STM32CubeIDE/plugins/com.st.stm32cube.ide.mcu.externaltools.gnu-tools-for-stm32.11.3.rel1.win32_1.1.1.202309131626/tools/bin/../lib/gcc/arm-none-eabi/11.3.1/../../../../arm-none-eabi/lib/thumb/v7e-m+fp/hard\libc_nano.a(libc_a-strtol.o)
                0x0000000008004534                strtol
 .text._strtoul_l.constprop.0
                0x0000000008004548       0xe4 D:/Stm32IDE/STM32CubeIDE_1.13.1/STM32CubeIDE/plugins/com.st.stm32cube.ide.mcu.externaltools.gnu-tools-for-stm32.11.3.rel1.win32_1.1.1.202309131626/tools/bin/../lib/gcc/arm-none-eabi/11.3.1/../../../../arm-none-eabi/lib/thumb/v7e-m+fp/hard\libc_nano.a(libc_a-strtoul.o)
 .text.strtoul  0x000000000800462c       0x14 D:/Stm32IDE/STM32CubeIDE_1.13.1/STM32CubeIDE/plugins/com.st.stm32cube.ide.mcu.externaltools.gnu-tools-for-stm32.11.3.rel1.win32_1.1.1.202309131626/tools/bin/../lib/gcc/arm-none-eabi/11.3.1/../../../../arm-none-eabi/lib/thumb/v7e-m+fp/hard\libc_nano.a(libc_a-strtoul.o)
                0x000000000800462c                strtoul
 .text.sprintf  0x0000000008004640       0x40 D:/Stm32IDE/STM32CubeIDE_1.13.1/STM32CubeIDE/plugins/com.st.stm32cube.ide.mcu.externaltools.gnu-tools-for-stm32.11.3.rel1.win32_1.1.1.202309131626/tools/bin/../lib/gcc/arm-none-eabi/11.3.1/../../../../arm-none-eabi/lib/thumb/v7e-m+fp/hard\libc_nano.a(libc_a-sprintf.o)
                0x0000000008004640                siprintf
                0x0000000008004640                sprintf
 .text.memmove  0x0000000008004680       0x34 D:/Stm32IDE/STM32CubeIDE_1.13.1/STM32CubeIDE/plugins/com.st.stm32cube.ide.mcu.externaltools.gnu-tools-for-stm32.11.3.rel1.win32_1.1.1.202309131626/tools/bin/../lib/gcc/arm-none-eabi/11.3.1/../../../../arm-none-eabi/lib/thumb/v7e-m+fp/hard\libc_nano.a(libc_a-memmove.o)
                0x0000000008004680                memmove
 .text.memset   0x00000000080046b4       0x10 D:/Stm32IDE/STM32CubeIDE_1.13.1/STM32CubeIDE/plugins/com.st.stm32cube.ide.mcu.externaltools.gnu-tools-for-stm32.11.3.rel1.win32_1.1.1.202309131626/tools/bin/../lib/gcc/arm-none-eabi/11.3.1/../../../../arm-none-eabi/lib/thumb/v7e-m+fp/hard\libc_nano.a(libc_a-memset.o)
                0x00000000080046b4                memset
 .text.strstr   0x00000000080046c4       0x2c D:/Stm32IDE/STM32CubeIDE_1.13.1/STM32CubeIDE/plugins/com.st.stm32cube.ide.mcu.externaltools.gnu-tools-for-stm32.11.3.rel1.win32_1.1.1.202309131626/tools/bin/../lib/gcc/arm-none-eabi/11.3.1/../../../../arm-none-eabi/lib/thumb/v7e-m+fp/hard\libc_nano.a(libc_a-strstr.o)
                0x00000000080046c4                strstr
 .text.__errno  0x00000000080046f0        0xc D:/Stm32IDE/STM32CubeIDE_1.13.1/STM32CubeIDE/plugins/com.st.stm32cube.ide.mcu.externaltools.gnu-tools-for-stm32.11.3.rel1.win32_1.1.1.202309131626/tools/bin/../lib/gcc/arm-none-eabi/11.3.1/../../../../arm-none-eabi/lib/thumb/v7e-m+fp/hard\libc_nano.a(libc_a-errno.o)
                0x00000000080046f0                __errno
 .text.__libc_init_array
                0x00000000080046fc       0x48 D:/Stm32IDE/STM32CubeIDE_1.13.1/STM32CubeIDE/plugins/com.st.stm32cube.ide.mcu.externaltools.gnu-tools-for-stm32.11.3.rel1.win32_1.1.1.202309131626/tools/bin/../lib/gcc/arm-none-eabi/11.3.1/../../../../arm-none-eabi/lib/thumb/v7e-m+fp/hard\libc_nano.a(libc_a-init.o)
                0x00000000080046fc                __libc_init_array
 .text.__retarget_lock_acquire_recursive
                0x0000000008004744        0x2 D:/Stm32IDE/STM32CubeIDE_1.13.1/STM32CubeIDE/plugins/com.st.stm32cube.ide.mcu.externaltools.gnu-tools-for-stm32.11.3.rel1.win32_1.1.1.202309131626/tools/bin/../lib/gcc/arm-none-eabi/11.3.1/../../../../arm-none-eabi/lib/thumb/v7e-m+fp/hard\libc_nano.a(libc_a-lock.o)
                0x0000000008004744                __retarget_lock_acquire_recursive
 .text.__retarget_lock_release_recursive
                0x0000000008004746        0x2 D:/Stm32IDE/STM32CubeIDE_1.13.1/STM32CubeIDE/plugins/com.st.stm32cube.ide.mcu.externaltools.gnu-tools-for-stm32.11.3.rel1.win32_1.1.1.202309131626/tools/bin/../lib/gcc/arm-none-eabi/11.3.1/../../../../arm-none-eabi/lib/thumb/v7e-m+fp/hard\libc_nano.a(libc_a-lock.o)
                0x0000000008004746                __retarget_lock_release_recursive
 .text._free_r  0x0000000008004748       0x98 D:/Stm32IDE/STM32CubeIDE_1.13.1/STM32CubeIDE/plugins/com.st.stm32cube.ide.mcu.externaltools.gnu-tools-for-stm32.11.3.rel1.win32_1.1.1.202309131626/tools/bin/../lib/gcc/arm-none-eabi/11.3.1/../../../../arm-none-eabi/lib/thumb/v7e-m+fp/hard\libc_nano.a(libc_a-freer.o)
                0x0000000008004748                _free_r
 .text.sbrk_aligned
                0x00000000080047e0       0x40 D:/Stm32IDE/STM32CubeIDE_1.13.1/STM32CubeIDE/plugins/com.st.stm32cube.ide.mcu.externaltools.gnu-tools-for-stm32.11.3.rel1.win32_1.1.1.202309131626/tools/bin/../lib/gcc/arm-none-eabi/11.3.1/../../../../arm-none-eabi/lib/thumb/v7e-m+fp/hard\libc_nano.a(libc_a-mallocr.o)
 .text._malloc_r
                0x0000000008004820      0x100 D:/Stm32IDE/STM32CubeIDE_1.13.1/STM32CubeIDE/plugins/com.st.stm32cube.ide.mcu.externaltools.gnu-tools-for-stm32.11.3.rel1.win32_1.1.1.202309131626/tools/bin/../lib/gcc/arm-none-eabi/11.3.1/../../../../arm-none-eabi/lib/thumb/v7e-m+fp/hard\libc_nano.a(libc_a-mallocr.o)
                0x0000000008004820                _malloc_r
 .text.__malloc_lock
                0x0000000008004920        0xc D:/Stm32IDE/STM32CubeIDE_1.13.1/STM32CubeIDE/plugins/com.st.stm32cube.ide.mcu.externaltools.gnu-tools-for-stm32.11.3.rel1.win32_1.1.1.202309131626/tools/bin/../lib/gcc/arm-none-eabi/11.3.1/../../../../arm-none-eabi/lib/thumb/v7e-m+fp/hard\libc_nano.a(libc_a-mlock.o)
                0x0000000008004920                __malloc_lock
 .text.__malloc_unlock
                0x000000000800492c        0xc D:/Stm32IDE/STM32CubeIDE_1.13.1/STM32CubeIDE/plugins/com.st.stm32cube.ide.mcu.externaltools.gnu-tools-for-stm32.11.3.rel1.win32_1.1.1.202309131626/tools/bin/../lib/gcc/arm-none-eabi/11.3.1/../../../../arm-none-eabi/lib/thumb/v7e-m+fp/hard\libc_nano.a(libc_a-mlock.o)
                0x000000000800492c                __malloc_unlock
 .text.__ssputs_r
                0x0000000008004938       0xb4 D:/Stm32IDE/STM32CubeIDE_1.13.1/STM32CubeIDE/plugins/com.st.stm32cube.ide.mcu.externaltools.gnu-tools-for-stm32.11.3.rel1.win32_1.1.1.202309131626/tools/bin/../lib/gcc/arm-none-eabi/11.3.1/../../../../arm-none-eabi/lib/thumb/v7e-m+fp/hard\libc_nano.a(libc_a-nano-svfprintf.o)
                0x0000000008004938                __ssputs_r
 .text._svfprintf_r
                0x00000000080049ec      0x1fc D:/Stm32IDE/STM32CubeIDE_1.13.1/STM32CubeIDE/plugins/com.st.stm32cube.ide.mcu.externaltools.gnu-tools-for-stm32.11.3.rel1.win32_1.1.1.202309131626/tools/bin/../lib/gcc/arm-none-eabi/11.3.1/../../../../arm-none-eabi/lib/thumb/v7e-m+fp/hard\libc_nano.a(libc_a-nano-svfprintf.o)
                0x00000000080049ec                _svfiprintf_r
                0x00000000080049ec                _svfprintf_r
 .text._printf_common
                0x0000000008004be8       0xda D:/Stm32IDE/STM32CubeIDE_1.13.1/STM32CubeIDE/plugins/com.st.stm32cube.ide.mcu.externaltools.gnu-tools-for-stm32.11.3.rel1.win32_1.1.1.202309131626/tools/bin/../lib/gcc/arm-none-eabi/11.3.1/../../../../arm-none-eabi/lib/thumb/v7e-m+fp/hard\libc_nano.a(libc_a-nano-vfprintf_i.o)
                0x0000000008004be8                _printf_common
 *fill*         0x0000000008004cc2        0x2 
 .text._printf_i
                0x0000000008004cc4      0x244 D:/Stm32IDE/STM32CubeIDE_1.13.1/STM32CubeIDE/plugins/com.st.stm32cube.ide.mcu.externaltools.gnu-tools-for-stm32.11.3.rel1.win32_1.1.1.202309131626/tools/bin/../lib/gcc/arm-none-eabi/11.3.1/../../../../arm-none-eabi/lib/thumb/v7e-m+fp/hard\libc_nano.a(libc_a-nano-vfprintf_i.o)
                0x0000000008004cc4                _printf_i
 .text._sbrk_r  0x0000000008004f08       0x20 D:/Stm32IDE/STM32CubeIDE_1.13.1/STM32CubeIDE/plugins/com.st.stm32cube.ide.mcu.externaltools.gnu-tools-for-stm32.11.3.rel1.win32_1.1.1.202309131626/tools/bin/../lib/gcc/arm-none-eabi/11.3.1/../../../../arm-none-eabi/lib/thumb/v7e-m+fp/hard\libc_nano.a(libc_a-sbrkr.o)
                0x0000000008004f08                _sbrk_r
 .text.memcpy   0x0000000008004f28       0x1c D:/Stm32IDE/STM32CubeIDE_1.13.1/STM32CubeIDE/plugins/com.st.stm32cube.ide.mcu.externaltools.gnu-tools-for-stm32.11.3.rel1.win32_1.1.1.202309131626/tools/bin/../lib/gcc/arm-none-eabi/11.3.1/../../../../arm-none-eabi/lib/thumb/v7e-m+fp/hard\libc_nano.a(libc_a-memcpy-stub.o)
                0x0000000008004f28                memcpy
 .text._realloc_r
                0x0000000008004f44       0x5e D:/Stm32IDE/STM32CubeIDE_1.13.1/STM32CubeIDE/plugins/com.st.stm32cube.ide.mcu.externaltools.gnu-tools-for-stm32.11.3.rel1.win32_1.1.1.202309131626/tools/bin/../lib/gcc/arm-none-eabi/11.3.1/../../../../arm-none-eabi/lib/thumb/v7e-m+fp/hard\libc_nano.a(libc_a-reallocr.o)
                0x0000000008004f44                _realloc_r
 .text._malloc_usable_size_r
                0x0000000008004fa2       0x10 D:/Stm32IDE/STM32CubeIDE_1.13.1/STM32CubeIDE/plugins/com.st.stm32cube.ide.mcu.externaltools.gnu-tools-for-stm32.11.3.rel1.win32_1.1.1.202309131626/tools/bin/../lib/gcc/arm-none-eabi/11.3.1/../../../../arm-none-eabi/lib/thumb/v7e-m+fp/hard\libc_nano.a(libc_a-msizer.o)
                0x0000000008004fa2                _malloc_usable_size_r
 *(.glue_7)
 .glue_7        0x0000000008004fb2        0x0 linker stubs
 *(.glue_7t)
 .glue_7t       0x0000000008004fb2        0x0 linker stubs
 *(.eh_frame)
 *fill*         0x0000000008004fb2        0x2 
 .eh_frame      0x0000000008004fb4        0x0 D:/Stm32IDE/STM32CubeIDE_1.13.1/STM32CubeIDE/plugins/com.st.stm32cube.ide.mcu.externaltools.gnu-tools-for-stm32.11.3.rel1.win32_1.1.1.202309131626/tools/bin/../lib/gcc/arm-none-eabi/11.3.1/thumb/v7e-m+fp/hard/crtbegin.o
 *(.init)
 .init          0x0000000008004fb4        0x4 D:/Stm32IDE/STM32CubeIDE_1.13.1/STM32CubeIDE/plugins/com.st.stm32cube.ide.mcu.externaltools.gnu-tools-for-stm32.11.3.rel1.win32_1.1.1.202309131626/tools/bin/../lib/gcc/arm-none-eabi/11.3.1/thumb/v7e-m+fp/hard/crti.o
                0x0000000008004fb4                _init
 .init          0x0000000008004fb8        0x8 D:/Stm32IDE/STM32CubeIDE_1.13.1/STM32CubeIDE/plugins/com.st.stm32cube.ide.mcu.externaltools.gnu-tools-for-stm32.11.3.rel1.win32_1.1.1.202309131626/tools/bin/../lib/gcc/arm-none-eabi/11.3.1/thumb/v7e-m+fp/hard/crtn.o
 *(.fini)
 .fini          0x0000000008004fc0        0x4 D:/Stm32IDE/STM32CubeIDE_1.13.1/STM32CubeIDE/plugins/com.st.stm32cube.ide.mcu.externaltools.gnu-tools-for-stm32.11.3.rel1.win32_1.1.1.202309131626/tools/bin/../lib/gcc/arm-none-eabi/11.3.1/thumb/v7e-m+fp/hard/crti.o
                0x0000000008004fc0                _fini
 .fini          0x0000000008004fc4        0x8 D:/Stm32IDE/STM32CubeIDE_1.13.1/STM32CubeIDE/plugins/com.st.stm32cube.ide.mcu.externaltools.gnu-tools-for-stm32.11.3.rel1.win32_1.1.1.202309131626/tools/bin/../lib/gcc/arm-none-eabi/11.3.1/thumb/v7e-m+fp/hard/crtn.o
                0x0000000008004fcc                . = ALIGN (0x4)
                0x0000000008004fcc                _etext = .

.vfp11_veneer   0x0000000008004fcc        0x0
 .vfp11_veneer  0x0000000008004fcc        0x0 linker stubs

.v4_bx          0x0000000008004fcc        0x0
 .v4_bx         0x0000000008004fcc        0x0 linker stubs

.iplt           0x0000000008004fcc        0x0
 .iplt          0x0000000008004fcc        0x0 D:/Stm32IDE/STM32CubeIDE_1.13.1/STM32CubeIDE/plugins/com.st.stm32cube.ide.mcu.externaltools.gnu-tools-for-stm32.11.3.rel1.win32_1.1.1.202309131626/tools/bin/../lib/gcc/arm-none-eabi/11.3.1/thumb/v7e-m+fp/hard/crtbegin.o

.rodata         0x0000000008004fcc      0x444
                0x0000000008004fcc                . = ALIGN (0x4)
 *(.rodata)
 .rodata        0x0000000008004fcc      0x11b ./Core/Src/ESP8266_HAL.o
 *fill*         0x00000000080050e7        0x1 
 .rodata        0x00000000080050e8       0x15 ./Core/Src/UartRingbuffer_multi.o
 *fill*         0x00000000080050fd        0x3 
 .rodata        0x0000000008005100      0x1c3 ./Core/Src/main.o
 *(.rodata*)
 *fill*         0x00000000080052c3        0x1 
 .rodata.AHBPrescTable
                0x00000000080052c4       0x10 ./Core/Src/system_stm32f4xx.o
                0x00000000080052c4                AHBPrescTable
 .rodata.APBPrescTable
                0x00000000080052d4        0x8 ./Core/Src/system_stm32f4xx.o
                0x00000000080052d4                APBPrescTable
 .rodata._ctype_
                0x00000000080052dc      0x101 D:/Stm32IDE/STM32CubeIDE_1.13.1/STM32CubeIDE/plugins/com.st.stm32cube.ide.mcu.externaltools.gnu-tools-for-stm32.11.3.rel1.win32_1.1.1.202309131626/tools/bin/../lib/gcc/arm-none-eabi/11.3.1/../../../../arm-none-eabi/lib/thumb/v7e-m+fp/hard\libc_nano.a(libc_a-ctype_.o)
                0x00000000080052dc                _ctype_
 .rodata._svfprintf_r.str1.1
                0x00000000080053dd       0x11 D:/Stm32IDE/STM32CubeIDE_1.13.1/STM32CubeIDE/plugins/com.st.stm32cube.ide.mcu.externaltools.gnu-tools-for-stm32.11.3.rel1.win32_1.1.1.202309131626/tools/bin/../lib/gcc/arm-none-eabi/11.3.1/../../../../arm-none-eabi/lib/thumb/v7e-m+fp/hard\libc_nano.a(libc_a-nano-svfprintf.o)
 .rodata._printf_i.str1.1
                0x00000000080053ee       0x22 D:/Stm32IDE/STM32CubeIDE_1.13.1/STM32CubeIDE/plugins/com.st.stm32cube.ide.mcu.externaltools.gnu-tools-for-stm32.11.3.rel1.win32_1.1.1.202309131626/tools/bin/../lib/gcc/arm-none-eabi/11.3.1/../../../../arm-none-eabi/lib/thumb/v7e-m+fp/hard\libc_nano.a(libc_a-nano-vfprintf_i.o)
                0x0000000008005410                . = ALIGN (0x4)

.ARM.extab      0x0000000008005410        0x0
                0x0000000008005410                . = ALIGN (0x4)
 *(.ARM.extab* .gnu.linkonce.armextab.*)
                0x0000000008005410                . = ALIGN (0x4)

.ARM            0x0000000008005410        0x8
                0x0000000008005410                . = ALIGN (0x4)
                0x0000000008005410                __exidx_start = .
 *(.ARM.exidx*)
 .ARM.exidx     0x0000000008005410        0x8 D:/Stm32IDE/STM32CubeIDE_1.13.1/STM32CubeIDE/plugins/com.st.stm32cube.ide.mcu.externaltools.gnu-tools-for-stm32.11.3.rel1.win32_1.1.1.202309131626/tools/bin/../lib/gcc/arm-none-eabi/11.3.1/thumb/v7e-m+fp/hard\libgcc.a(_udivmoddi4.o)
                0x0000000008005418                __exidx_end = .
                0x0000000008005418                . = ALIGN (0x4)

.rel.dyn        0x0000000008005418        0x0
 .rel.iplt      0x0000000008005418        0x0 D:/Stm32IDE/STM32CubeIDE_1.13.1/STM32CubeIDE/plugins/com.st.stm32cube.ide.mcu.externaltools.gnu-tools-for-stm32.11.3.rel1.win32_1.1.1.202309131626/tools/bin/../lib/gcc/arm-none-eabi/11.3.1/thumb/v7e-m+fp/hard/crtbegin.o

.preinit_array  0x0000000008005418        0x0
                0x0000000008005418                . = ALIGN (0x4)
                0x0000000008005418                PROVIDE (__preinit_array_start = .)
 *(.preinit_array*)
                0x0000000008005418                PROVIDE (__preinit_array_end = .)
                0x0000000008005418                . = ALIGN (0x4)

.init_array     0x0000000008005418        0x4
                0x0000000008005418                . = ALIGN (0x4)
                0x0000000008005418                PROVIDE (__init_array_start = .)
 *(SORT_BY_NAME(.init_array.*))
 *(.init_array*)
 .init_array    0x0000000008005418        0x4 D:/Stm32IDE/STM32CubeIDE_1.13.1/STM32CubeIDE/plugins/com.st.stm32cube.ide.mcu.externaltools.gnu-tools-for-stm32.11.3.rel1.win32_1.1.1.202309131626/tools/bin/../lib/gcc/arm-none-eabi/11.3.1/thumb/v7e-m+fp/hard/crtbegin.o
                0x000000000800541c                PROVIDE (__init_array_end = .)
                0x000000000800541c                . = ALIGN (0x4)

.fini_array     0x000000000800541c        0x4
                0x000000000800541c                . = ALIGN (0x4)
                [!provide]                        PROVIDE (__fini_array_start = .)
 *(SORT_BY_NAME(.fini_array.*))
 *(.fini_array*)
 .fini_array    0x000000000800541c        0x4 D:/Stm32IDE/STM32CubeIDE_1.13.1/STM32CubeIDE/plugins/com.st.stm32cube.ide.mcu.externaltools.gnu-tools-for-stm32.11.3.rel1.win32_1.1.1.202309131626/tools/bin/../lib/gcc/arm-none-eabi/11.3.1/thumb/v7e-m+fp/hard/crtbegin.o
                [!provide]                        PROVIDE (__fini_array_end = .)
                0x0000000008005420                . = ALIGN (0x4)
                0x0000000008005420                _sidata = LOADADDR (.data)

.data           0x0000000020000000       0x68 load address 0x0000000008005420
                0x0000000020000000                . = ALIGN (0x4)
                0x0000000020000000                _sdata = .
 *(.data)
 *(.data*)
 .data.CountFirmwareSlot
                0x0000000020000000        0x4 ./Core/Src/main.o
                0x0000000020000000                CountFirmwareSlot
 .data.TriggerBase
                0x0000000020000004        0x4 ./Core/Src/main.o
                0x0000000020000004                TriggerBase
 .data.FWSelect
                0x0000000020000008        0x4 ./Core/Src/main.o
                0x0000000020000008                FWSelect
 .data.SystemCoreClock
                0x000000002000000c        0x4 ./Core/Src/system_stm32f4xx.o
                0x000000002000000c                SystemCoreClock
 .data.uwTickPrio
                0x0000000020000010        0x4 ./Drivers/STM32F4xx_HAL_Driver/Src/stm32f4xx_hal.o
                0x0000000020000010                uwTickPrio
 .data.uwTickFreq
                0x0000000020000014        0x1 ./Drivers/STM32F4xx_HAL_Driver/Src/stm32f4xx_hal.o
                0x0000000020000014                uwTickFreq
 *fill*         0x0000000020000015        0x3 
 .data._impure_data
                0x0000000020000018       0x4c D:/Stm32IDE/STM32CubeIDE_1.13.1/STM32CubeIDE/plugins/com.st.stm32cube.ide.mcu.externaltools.gnu-tools-for-stm32.11.3.rel1.win32_1.1.1.202309131626/tools/bin/../lib/gcc/arm-none-eabi/11.3.1/../../../../arm-none-eabi/lib/thumb/v7e-m+fp/hard\libc_nano.a(libc_a-impure.o)
                0x0000000020000018                _impure_data
 .data._impure_ptr
                0x0000000020000064        0x4 D:/Stm32IDE/STM32CubeIDE_1.13.1/STM32CubeIDE/plugins/com.st.stm32cube.ide.mcu.externaltools.gnu-tools-for-stm32.11.3.rel1.win32_1.1.1.202309131626/tools/bin/../lib/gcc/arm-none-eabi/11.3.1/../../../../arm-none-eabi/lib/thumb/v7e-m+fp/hard\libc_nano.a(libc_a-impure.o)
                0x0000000020000064                _impure_ptr
 *(.RamFunc)
 *(.RamFunc*)
                0x0000000020000068                . = ALIGN (0x4)
                0x0000000020000068                _edata = .

.igot.plt       0x0000000020000068        0x0 load address 0x0000000008005488
 .igot.plt      0x0000000020000068        0x0 D:/Stm32IDE/STM32CubeIDE_1.13.1/STM32CubeIDE/plugins/com.st.stm32cube.ide.mcu.externaltools.gnu-tools-for-stm32.11.3.rel1.win32_1.1.1.202309131626/tools/bin/../lib/gcc/arm-none-eabi/11.3.1/thumb/v7e-m+fp/hard/crtbegin.o
                0x0000000020000068                . = ALIGN (0x4)

.bss            0x0000000020000068     0x88c8 load address 0x0000000008005488
                0x0000000020000068                _sbss = .
                0x0000000020000068                __bss_start__ = _sbss
 *(.bss)
 .bss           0x0000000020000068       0x1c D:/Stm32IDE/STM32CubeIDE_1.13.1/STM32CubeIDE/plugins/com.st.stm32cube.ide.mcu.externaltools.gnu-tools-for-stm32.11.3.rel1.win32_1.1.1.202309131626/tools/bin/../lib/gcc/arm-none-eabi/11.3.1/thumb/v7e-m+fp/hard/crtbegin.o
 *(.bss*)
 .bss.EraseInitStruct.0
                0x0000000020000084       0x14 ./Core/Src/FLASH_SECTOR_F4.o
 .bss.timeout   0x0000000020000098        0x2 ./Core/Src/UartRingbuffer_multi.o
                0x0000000020000098                timeout
 *fill*         0x000000002000009a        0x2 
 .bss.dem2      0x000000002000009c        0x4 ./Core/Src/UartRingbuffer_multi.o
                0x000000002000009c                dem2
 .bss.rx_buffer1
                0x00000000200000a0      0x420 ./Core/Src/UartRingbuffer_multi.o
                0x00000000200000a0                rx_buffer1
 .bss.tx_buffer1
                0x00000000200004c0      0x420 ./Core/Src/UartRingbuffer_multi.o
                0x00000000200004c0                tx_buffer1
 .bss.rx_buffer2
                0x00000000200008e0      0x420 ./Core/Src/UartRingbuffer_multi.o
                0x00000000200008e0                rx_buffer2
 .bss.tx_buffer2
                0x0000000020000d00      0x420 ./Core/Src/UartRingbuffer_multi.o
                0x0000000020000d00                tx_buffer2
 .bss._rx_buffer1
                0x0000000020001120        0x4 ./Core/Src/UartRingbuffer_multi.o
                0x0000000020001120                _rx_buffer1
 .bss._tx_buffer1
                0x0000000020001124        0x4 ./Core/Src/UartRingbuffer_multi.o
                0x0000000020001124                _tx_buffer1
 .bss._rx_buffer2
                0x0000000020001128        0x4 ./Core/Src/UartRingbuffer_multi.o
                0x0000000020001128                _rx_buffer2
 .bss._tx_buffer2
                0x000000002000112c        0x4 ./Core/Src/UartRingbuffer_multi.o
                0x000000002000112c                _tx_buffer2
 .bss.hexStruct
                0x0000000020001130       0x29 ./Core/Src/main.o
                0x0000000020001130                hexStruct
 *fill*         0x0000000020001159        0x3 
 .bss.huart1    0x000000002000115c       0x44 ./Core/Src/main.o
                0x000000002000115c                huart1
 .bss.huart2    0x00000000200011a0       0x44 ./Core/Src/main.o
                0x00000000200011a0                huart2
 .bss.line      0x00000000200011e4        0x2 ./Core/Src/main.o
                0x00000000200011e4                line
 *fill*         0x00000000200011e6        0x2 
 .bss.recv_buf  0x00000000200011e8     0x7530 ./Core/Src/main.o
                0x00000000200011e8                recv_buf
 .bss.firmware_buf
                0x0000000020008718       0x41 ./Core/Src/main.o
                0x0000000020008718                firmware_buf
 *fill*         0x0000000020008759        0x3 
 .bss.lat_ver0  0x000000002000875c        0x4 ./Core/Src/main.o
                0x000000002000875c                lat_ver0
 .bss.lat_ver2  0x0000000020008760        0x4 ./Core/Src/main.o
                0x0000000020008760                lat_ver2
 .bss.version_buf
                0x0000000020008764       0x1e ./Core/Src/main.o
                0x0000000020008764                version_buf
 *fill*         0x0000000020008782        0x2 
 .bss.BL_Version
                0x0000000020008784        0x8 ./Core/Src/main.o
                0x0000000020008784                BL_Version
 .bss.current_sector
                0x000000002000878c        0x4 ./Core/Src/main.o
                0x000000002000878c                current_sector
 .bss.VarCountCompare
                0x0000000020008790        0x4 ./Core/Src/main.o
                0x0000000020008790                VarCountCompare
 .bss.tempfordata
                0x0000000020008794       0x20 ./Core/Src/main.o
                0x0000000020008794                tempfordata
 .bss.ToggleForErrorString
                0x00000000200087b4        0x1 ./Core/Src/main.o
                0x00000000200087b4                ToggleForErrorString
 *fill*         0x00000000200087b5        0x3 
 .bss.countForChar2.1
                0x00000000200087b8        0x4 ./Core/Src/main.o
 .bss.countForChar3.0
                0x00000000200087bc        0x4 ./Core/Src/main.o
 .bss.__sbrk_heap_end
                0x00000000200087c0        0x4 ./Core/Src/sysmem.o
 .bss.uwTick    0x00000000200087c4        0x4 ./Drivers/STM32F4xx_HAL_Driver/Src/stm32f4xx_hal.o
                0x00000000200087c4                uwTick
 .bss.pFlash    0x00000000200087c8       0x20 ./Drivers/STM32F4xx_HAL_Driver/Src/stm32f4xx_hal_flash.o
                0x00000000200087c8                pFlash
 .bss.__sf      0x00000000200087e8      0x138 D:/Stm32IDE/STM32CubeIDE_1.13.1/STM32CubeIDE/plugins/com.st.stm32cube.ide.mcu.externaltools.gnu-tools-for-stm32.11.3.rel1.win32_1.1.1.202309131626/tools/bin/../lib/gcc/arm-none-eabi/11.3.1/../../../../arm-none-eabi/lib/thumb/v7e-m+fp/hard\libc_nano.a(libc_a-findfp.o)
                0x00000000200087e8                __sf
 .bss.errno     0x0000000020008920        0x4 D:/Stm32IDE/STM32CubeIDE_1.13.1/STM32CubeIDE/plugins/com.st.stm32cube.ide.mcu.externaltools.gnu-tools-for-stm32.11.3.rel1.win32_1.1.1.202309131626/tools/bin/../lib/gcc/arm-none-eabi/11.3.1/../../../../arm-none-eabi/lib/thumb/v7e-m+fp/hard\libc_nano.a(libc_a-reent.o)
                0x0000000020008920                errno
 .bss.__lock___malloc_recursive_mutex
                0x0000000020008924        0x1 D:/Stm32IDE/STM32CubeIDE_1.13.1/STM32CubeIDE/plugins/com.st.stm32cube.ide.mcu.externaltools.gnu-tools-for-stm32.11.3.rel1.win32_1.1.1.202309131626/tools/bin/../lib/gcc/arm-none-eabi/11.3.1/../../../../arm-none-eabi/lib/thumb/v7e-m+fp/hard\libc_nano.a(libc_a-lock.o)
                0x0000000020008924                __lock___malloc_recursive_mutex
 *fill*         0x0000000020008925        0x3 
 .bss.__malloc_free_list
                0x0000000020008928        0x4 D:/Stm32IDE/STM32CubeIDE_1.13.1/STM32CubeIDE/plugins/com.st.stm32cube.ide.mcu.externaltools.gnu-tools-for-stm32.11.3.rel1.win32_1.1.1.202309131626/tools/bin/../lib/gcc/arm-none-eabi/11.3.1/../../../../arm-none-eabi/lib/thumb/v7e-m+fp/hard\libc_nano.a(libc_a-mallocr.o)
                0x0000000020008928                __malloc_free_list
 .bss.__malloc_sbrk_start
                0x000000002000892c        0x4 D:/Stm32IDE/STM32CubeIDE_1.13.1/STM32CubeIDE/plugins/com.st.stm32cube.ide.mcu.externaltools.gnu-tools-for-stm32.11.3.rel1.win32_1.1.1.202309131626/tools/bin/../lib/gcc/arm-none-eabi/11.3.1/../../../../arm-none-eabi/lib/thumb/v7e-m+fp/hard\libc_nano.a(libc_a-mallocr.o)
                0x000000002000892c                __malloc_sbrk_start
 *(COMMON)
                0x0000000020008930                . = ALIGN (0x4)
                0x0000000020008930                _ebss = .
                0x0000000020008930                __bss_end__ = _ebss

._user_heap_stack
                0x0000000020008930      0x600 load address 0x0000000008005488
                0x0000000020008930                . = ALIGN (0x8)
                [!provide]                        PROVIDE (end = .)
                0x0000000020008930                PROVIDE (_end = .)
                0x0000000020008b30                . = (. + _Min_Heap_Size)
 *fill*         0x0000000020008930      0x200 
                0x0000000020008f30                . = (. + _Min_Stack_Size)
 *fill*         0x0000000020008b30      0x400 
                0x0000000020008f30                . = ALIGN (0x8)

/DISCARD/
 libc.a(*)
 libm.a(*)
 libgcc.a(*)

.ARM.attributes
                0x0000000000000000       0x30
 *(.ARM.attributes)
 .ARM.attributes
                0x0000000000000000       0x1e D:/Stm32IDE/STM32CubeIDE_1.13.1/STM32CubeIDE/plugins/com.st.stm32cube.ide.mcu.externaltools.gnu-tools-for-stm32.11.3.rel1.win32_1.1.1.202309131626/tools/bin/../lib/gcc/arm-none-eabi/11.3.1/thumb/v7e-m+fp/hard/crti.o
 .ARM.attributes
                0x000000000000001e       0x34 D:/Stm32IDE/STM32CubeIDE_1.13.1/STM32CubeIDE/plugins/com.st.stm32cube.ide.mcu.externaltools.gnu-tools-for-stm32.11.3.rel1.win32_1.1.1.202309131626/tools/bin/../lib/gcc/arm-none-eabi/11.3.1/thumb/v7e-m+fp/hard/crtbegin.o
 .ARM.attributes
                0x0000000000000052       0x34 ./Core/Src/ESP8266_HAL.o
 .ARM.attributes
                0x0000000000000086       0x34 ./Core/Src/FLASH_SECTOR_F4.o
 .ARM.attributes
                0x00000000000000ba       0x34 ./Core/Src/UartRingbuffer_multi.o
 .ARM.attributes
                0x00000000000000ee       0x34 ./Core/Src/boot.o
 .ARM.attributes
                0x0000000000000122       0x34 ./Core/Src/main.o
 .ARM.attributes
                0x0000000000000156       0x34 ./Core/Src/stm32f4xx_hal_msp.o
 .ARM.attributes
                0x000000000000018a       0x34 ./Core/Src/stm32f4xx_it.o
 .ARM.attributes
                0x00000000000001be       0x34 ./Core/Src/sysmem.o
 .ARM.attributes
                0x00000000000001f2       0x34 ./Core/Src/system_stm32f4xx.o
 .ARM.attributes
                0x0000000000000226       0x21 ./Core/Startup/startup_stm32f411ceux.o
 .ARM.attributes
                0x0000000000000247       0x34 ./Drivers/STM32F4xx_HAL_Driver/Src/stm32f4xx_hal.o
 .ARM.attributes
                0x000000000000027b       0x34 ./Drivers/STM32F4xx_HAL_Driver/Src/stm32f4xx_hal_cortex.o
 .ARM.attributes
                0x00000000000002af       0x34 ./Drivers/STM32F4xx_HAL_Driver/Src/stm32f4xx_hal_flash.o
 .ARM.attributes
                0x00000000000002e3       0x34 ./Drivers/STM32F4xx_HAL_Driver/Src/stm32f4xx_hal_flash_ex.o
 .ARM.attributes
                0x0000000000000317       0x34 ./Drivers/STM32F4xx_HAL_Driver/Src/stm32f4xx_hal_gpio.o
 .ARM.attributes
                0x000000000000034b       0x34 ./Drivers/STM32F4xx_HAL_Driver/Src/stm32f4xx_hal_rcc.o
 .ARM.attributes
                0x000000000000037f       0x34 ./Drivers/STM32F4xx_HAL_Driver/Src/stm32f4xx_hal_rcc_ex.o
 .ARM.attributes
                0x00000000000003b3       0x34 ./Drivers/STM32F4xx_HAL_Driver/Src/stm32f4xx_hal_uart.o
 .ARM.attributes
                0x00000000000003e7       0x34 D:/Stm32IDE/STM32CubeIDE_1.13.1/STM32CubeIDE/plugins/com.st.stm32cube.ide.mcu.externaltools.gnu-tools-for-stm32.11.3.rel1.win32_1.1.1.202309131626/tools/bin/../lib/gcc/arm-none-eabi/11.3.1/../../../../arm-none-eabi/lib/thumb/v7e-m+fp/hard\libc_nano.a(libc_a-atoi.o)
 .ARM.attributes
                0x000000000000041b       0x34 D:/Stm32IDE/STM32CubeIDE_1.13.1/STM32CubeIDE/plugins/com.st.stm32cube.ide.mcu.externaltools.gnu-tools-for-stm32.11.3.rel1.win32_1.1.1.202309131626/tools/bin/../lib/gcc/arm-none-eabi/11.3.1/../../../../arm-none-eabi/lib/thumb/v7e-m+fp/hard\libc_nano.a(libc_a-strtol.o)
 .ARM.attributes
                0x000000000000044f       0x34 D:/Stm32IDE/STM32CubeIDE_1.13.1/STM32CubeIDE/plugins/com.st.stm32cube.ide.mcu.externaltools.gnu-tools-for-stm32.11.3.rel1.win32_1.1.1.202309131626/tools/bin/../lib/gcc/arm-none-eabi/11.3.1/../../../../arm-none-eabi/lib/thumb/v7e-m+fp/hard\libc_nano.a(libc_a-strtoul.o)
 .ARM.attributes
                0x0000000000000483       0x34 D:/Stm32IDE/STM32CubeIDE_1.13.1/STM32CubeIDE/plugins/com.st.stm32cube.ide.mcu.externaltools.gnu-tools-for-stm32.11.3.rel1.win32_1.1.1.202309131626/tools/bin/../lib/gcc/arm-none-eabi/11.3.1/../../../../arm-none-eabi/lib/thumb/v7e-m+fp/hard\libc_nano.a(libc_a-ctype_.o)
 .ARM.attributes
                0x00000000000004b7       0x34 D:/Stm32IDE/STM32CubeIDE_1.13.1/STM32CubeIDE/plugins/com.st.stm32cube.ide.mcu.externaltools.gnu-tools-for-stm32.11.3.rel1.win32_1.1.1.202309131626/tools/bin/../lib/gcc/arm-none-eabi/11.3.1/../../../../arm-none-eabi/lib/thumb/v7e-m+fp/hard\libc_nano.a(libc_a-findfp.o)
 .ARM.attributes
                0x00000000000004eb       0x34 D:/Stm32IDE/STM32CubeIDE_1.13.1/STM32CubeIDE/plugins/com.st.stm32cube.ide.mcu.externaltools.gnu-tools-for-stm32.11.3.rel1.win32_1.1.1.202309131626/tools/bin/../lib/gcc/arm-none-eabi/11.3.1/../../../../arm-none-eabi/lib/thumb/v7e-m+fp/hard\libc_nano.a(libc_a-sprintf.o)
 .ARM.attributes
                0x000000000000051f       0x34 D:/Stm32IDE/STM32CubeIDE_1.13.1/STM32CubeIDE/plugins/com.st.stm32cube.ide.mcu.externaltools.gnu-tools-for-stm32.11.3.rel1.win32_1.1.1.202309131626/tools/bin/../lib/gcc/arm-none-eabi/11.3.1/../../../../arm-none-eabi/lib/thumb/v7e-m+fp/hard\libc_nano.a(libc_a-memmove.o)
 .ARM.attributes
                0x0000000000000553       0x34 D:/Stm32IDE/STM32CubeIDE_1.13.1/STM32CubeIDE/plugins/com.st.stm32cube.ide.mcu.externaltools.gnu-tools-for-stm32.11.3.rel1.win32_1.1.1.202309131626/tools/bin/../lib/gcc/arm-none-eabi/11.3.1/../../../../arm-none-eabi/lib/thumb/v7e-m+fp/hard\libc_nano.a(libc_a-memset.o)
 .ARM.attributes
                0x0000000000000587       0x34 D:/Stm32IDE/STM32CubeIDE_1.13.1/STM32CubeIDE/plugins/com.st.stm32cube.ide.mcu.externaltools.gnu-tools-for-stm32.11.3.rel1.win32_1.1.1.202309131626/tools/bin/../lib/gcc/arm-none-eabi/11.3.1/../../../../arm-none-eabi/lib/thumb/v7e-m+fp/hard\libc_nano.a(libc_a-strstr.o)
 .ARM.attributes
                0x00000000000005bb       0x34 D:/Stm32IDE/STM32CubeIDE_1.13.1/STM32CubeIDE/plugins/com.st.stm32cube.ide.mcu.externaltools.gnu-tools-for-stm32.11.3.rel1.win32_1.1.1.202309131626/tools/bin/../lib/gcc/arm-none-eabi/11.3.1/../../../../arm-none-eabi/lib/thumb/v7e-m+fp/hard\libc_nano.a(libc_a-reent.o)
 .ARM.attributes
                0x00000000000005ef       0x34 D:/Stm32IDE/STM32CubeIDE_1.13.1/STM32CubeIDE/plugins/com.st.stm32cube.ide.mcu.externaltools.gnu-tools-for-stm32.11.3.rel1.win32_1.1.1.202309131626/tools/bin/../lib/gcc/arm-none-eabi/11.3.1/../../../../arm-none-eabi/lib/thumb/v7e-m+fp/hard\libc_nano.a(libc_a-impure.o)
 .ARM.attributes
                0x0000000000000623       0x34 D:/Stm32IDE/STM32CubeIDE_1.13.1/STM32CubeIDE/plugins/com.st.stm32cube.ide.mcu.externaltools.gnu-tools-for-stm32.11.3.rel1.win32_1.1.1.202309131626/tools/bin/../lib/gcc/arm-none-eabi/11.3.1/../../../../arm-none-eabi/lib/thumb/v7e-m+fp/hard\libc_nano.a(libc_a-errno.o)
 .ARM.attributes
                0x0000000000000657       0x34 D:/Stm32IDE/STM32CubeIDE_1.13.1/STM32CubeIDE/plugins/com.st.stm32cube.ide.mcu.externaltools.gnu-tools-for-stm32.11.3.rel1.win32_1.1.1.202309131626/tools/bin/../lib/gcc/arm-none-eabi/11.3.1/../../../../arm-none-eabi/lib/thumb/v7e-m+fp/hard\libc_nano.a(libc_a-init.o)
 .ARM.attributes
                0x000000000000068b       0x34 D:/Stm32IDE/STM32CubeIDE_1.13.1/STM32CubeIDE/plugins/com.st.stm32cube.ide.mcu.externaltools.gnu-tools-for-stm32.11.3.rel1.win32_1.1.1.202309131626/tools/bin/../lib/gcc/arm-none-eabi/11.3.1/../../../../arm-none-eabi/lib/thumb/v7e-m+fp/hard\libc_nano.a(libc_a-lock.o)
 .ARM.attributes
                0x00000000000006bf       0x1c D:/Stm32IDE/STM32CubeIDE_1.13.1/STM32CubeIDE/plugins/com.st.stm32cube.ide.mcu.externaltools.gnu-tools-for-stm32.11.3.rel1.win32_1.1.1.202309131626/tools/bin/../lib/gcc/arm-none-eabi/11.3.1/../../../../arm-none-eabi/lib/thumb/v7e-m+fp/hard\libc_nano.a(libc_a-strcmp.o)
 .ARM.attributes
                0x00000000000006db       0x17 D:/Stm32IDE/STM32CubeIDE_1.13.1/STM32CubeIDE/plugins/com.st.stm32cube.ide.mcu.externaltools.gnu-tools-for-stm32.11.3.rel1.win32_1.1.1.202309131626/tools/bin/../lib/gcc/arm-none-eabi/11.3.1/../../../../arm-none-eabi/lib/thumb/v7e-m+fp/hard\libc_nano.a(libc_a-strlen.o)
 .ARM.attributes
                0x00000000000006f2       0x34 D:/Stm32IDE/STM32CubeIDE_1.13.1/STM32CubeIDE/plugins/com.st.stm32cube.ide.mcu.externaltools.gnu-tools-for-stm32.11.3.rel1.win32_1.1.1.202309131626/tools/bin/../lib/gcc/arm-none-eabi/11.3.1/../../../../arm-none-eabi/lib/thumb/v7e-m+fp/hard\libc_nano.a(libc_a-freer.o)
 .ARM.attributes
                0x0000000000000726       0x34 D:/Stm32IDE/STM32CubeIDE_1.13.1/STM32CubeIDE/plugins/com.st.stm32cube.ide.mcu.externaltools.gnu-tools-for-stm32.11.3.rel1.win32_1.1.1.202309131626/tools/bin/../lib/gcc/arm-none-eabi/11.3.1/../../../../arm-none-eabi/lib/thumb/v7e-m+fp/hard\libc_nano.a(libc_a-mallocr.o)
 .ARM.attributes
                0x000000000000075a       0x34 D:/Stm32IDE/STM32CubeIDE_1.13.1/STM32CubeIDE/plugins/com.st.stm32cube.ide.mcu.externaltools.gnu-tools-for-stm32.11.3.rel1.win32_1.1.1.202309131626/tools/bin/../lib/gcc/arm-none-eabi/11.3.1/../../../../arm-none-eabi/lib/thumb/v7e-m+fp/hard\libc_nano.a(libc_a-mlock.o)
 .ARM.attributes
                0x000000000000078e       0x34 D:/Stm32IDE/STM32CubeIDE_1.13.1/STM32CubeIDE/plugins/com.st.stm32cube.ide.mcu.externaltools.gnu-tools-for-stm32.11.3.rel1.win32_1.1.1.202309131626/tools/bin/../lib/gcc/arm-none-eabi/11.3.1/../../../../arm-none-eabi/lib/thumb/v7e-m+fp/hard\libc_nano.a(libc_a-nano-svfprintf.o)
 .ARM.attributes
                0x00000000000007c2       0x34 D:/Stm32IDE/STM32CubeIDE_1.13.1/STM32CubeIDE/plugins/com.st.stm32cube.ide.mcu.externaltools.gnu-tools-for-stm32.11.3.rel1.win32_1.1.1.202309131626/tools/bin/../lib/gcc/arm-none-eabi/11.3.1/../../../../arm-none-eabi/lib/thumb/v7e-m+fp/hard\libc_nano.a(libc_a-nano-vfprintf_i.o)
 .ARM.attributes
                0x00000000000007f6       0x34 D:/Stm32IDE/STM32CubeIDE_1.13.1/STM32CubeIDE/plugins/com.st.stm32cube.ide.mcu.externaltools.gnu-tools-for-stm32.11.3.rel1.win32_1.1.1.202309131626/tools/bin/../lib/gcc/arm-none-eabi/11.3.1/../../../../arm-none-eabi/lib/thumb/v7e-m+fp/hard\libc_nano.a(libc_a-sbrkr.o)
 .ARM.attributes
                0x000000000000082a       0x1c D:/Stm32IDE/STM32CubeIDE_1.13.1/STM32CubeIDE/plugins/com.st.stm32cube.ide.mcu.externaltools.gnu-tools-for-stm32.11.3.rel1.win32_1.1.1.202309131626/tools/bin/../lib/gcc/arm-none-eabi/11.3.1/../../../../arm-none-eabi/lib/thumb/v7e-m+fp/hard\libc_nano.a(libc_a-memchr.o)
 .ARM.attributes
                0x0000000000000846       0x34 D:/Stm32IDE/STM32CubeIDE_1.13.1/STM32CubeIDE/plugins/com.st.stm32cube.ide.mcu.externaltools.gnu-tools-for-stm32.11.3.rel1.win32_1.1.1.202309131626/tools/bin/../lib/gcc/arm-none-eabi/11.3.1/../../../../arm-none-eabi/lib/thumb/v7e-m+fp/hard\libc_nano.a(libc_a-memcpy-stub.o)
 .ARM.attributes
                0x000000000000087a       0x34 D:/Stm32IDE/STM32CubeIDE_1.13.1/STM32CubeIDE/plugins/com.st.stm32cube.ide.mcu.externaltools.gnu-tools-for-stm32.11.3.rel1.win32_1.1.1.202309131626/tools/bin/../lib/gcc/arm-none-eabi/11.3.1/../../../../arm-none-eabi/lib/thumb/v7e-m+fp/hard\libc_nano.a(libc_a-reallocr.o)
 .ARM.attributes
                0x00000000000008ae       0x34 D:/Stm32IDE/STM32CubeIDE_1.13.1/STM32CubeIDE/plugins/com.st.stm32cube.ide.mcu.externaltools.gnu-tools-for-stm32.11.3.rel1.win32_1.1.1.202309131626/tools/bin/../lib/gcc/arm-none-eabi/11.3.1/../../../../arm-none-eabi/lib/thumb/v7e-m+fp/hard\libc_nano.a(libc_a-msizer.o)
 .ARM.attributes
                0x00000000000008e2       0x1e D:/Stm32IDE/STM32CubeIDE_1.13.1/STM32CubeIDE/plugins/com.st.stm32cube.ide.mcu.externaltools.gnu-tools-for-stm32.11.3.rel1.win32_1.1.1.202309131626/tools/bin/../lib/gcc/arm-none-eabi/11.3.1/thumb/v7e-m+fp/hard\libgcc.a(_aeabi_uldivmod.o)
 .ARM.attributes
                0x0000000000000900       0x34 D:/Stm32IDE/STM32CubeIDE_1.13.1/STM32CubeIDE/plugins/com.st.stm32cube.ide.mcu.externaltools.gnu-tools-for-stm32.11.3.rel1.win32_1.1.1.202309131626/tools/bin/../lib/gcc/arm-none-eabi/11.3.1/thumb/v7e-m+fp/hard\libgcc.a(_udivmoddi4.o)
 .ARM.attributes
                0x0000000000000934       0x1e D:/Stm32IDE/STM32CubeIDE_1.13.1/STM32CubeIDE/plugins/com.st.stm32cube.ide.mcu.externaltools.gnu-tools-for-stm32.11.3.rel1.win32_1.1.1.202309131626/tools/bin/../lib/gcc/arm-none-eabi/11.3.1/thumb/v7e-m+fp/hard\libgcc.a(_dvmd_tls.o)
 .ARM.attributes
                0x0000000000000952       0x1e D:/Stm32IDE/STM32CubeIDE_1.13.1/STM32CubeIDE/plugins/com.st.stm32cube.ide.mcu.externaltools.gnu-tools-for-stm32.11.3.rel1.win32_1.1.1.202309131626/tools/bin/../lib/gcc/arm-none-eabi/11.3.1/thumb/v7e-m+fp/hard/crtn.o
OUTPUT(F411.elf elf32-littlearm)
LOAD linker stubs
LOAD D:/Stm32IDE/STM32CubeIDE_1.13.1/STM32CubeIDE/plugins/com.st.stm32cube.ide.mcu.externaltools.gnu-tools-for-stm32.11.3.rel1.win32_1.1.1.202309131626/tools/bin/../lib/gcc/arm-none-eabi/11.3.1/../../../../arm-none-eabi/lib/thumb/v7e-m+fp/hard\libc.a
LOAD D:/Stm32IDE/STM32CubeIDE_1.13.1/STM32CubeIDE/plugins/com.st.stm32cube.ide.mcu.externaltools.gnu-tools-for-stm32.11.3.rel1.win32_1.1.1.202309131626/tools/bin/../lib/gcc/arm-none-eabi/11.3.1/../../../../arm-none-eabi/lib/thumb/v7e-m+fp/hard\libm.a
LOAD D:/Stm32IDE/STM32CubeIDE_1.13.1/STM32CubeIDE/plugins/com.st.stm32cube.ide.mcu.externaltools.gnu-tools-for-stm32.11.3.rel1.win32_1.1.1.202309131626/tools/bin/../lib/gcc/arm-none-eabi/11.3.1/thumb/v7e-m+fp/hard\libgcc.a

.comment        0x0000000000000000       0x43
 .comment       0x0000000000000000       0x43 D:/Stm32IDE/STM32CubeIDE_1.13.1/STM32CubeIDE/plugins/com.st.stm32cube.ide.mcu.externaltools.gnu-tools-for-stm32.11.3.rel1.win32_1.1.1.202309131626/tools/bin/../lib/gcc/arm-none-eabi/11.3.1/thumb/v7e-m+fp/hard/crtbegin.o
                                         0x44 (size before relaxing)
 .comment       0x0000000000000043       0x44 ./Core/Src/ESP8266_HAL.o
 .comment       0x0000000000000043       0x44 ./Core/Src/FLASH_SECTOR_F4.o
 .comment       0x0000000000000043       0x44 ./Core/Src/UartRingbuffer_multi.o
 .comment       0x0000000000000043       0x44 ./Core/Src/boot.o
 .comment       0x0000000000000043       0x44 ./Core/Src/main.o
 .comment       0x0000000000000043       0x44 ./Core/Src/stm32f4xx_hal_msp.o
 .comment       0x0000000000000043       0x44 ./Core/Src/stm32f4xx_it.o
 .comment       0x0000000000000043       0x44 ./Core/Src/sysmem.o
 .comment       0x0000000000000043       0x44 ./Core/Src/system_stm32f4xx.o
 .comment       0x0000000000000043       0x44 ./Drivers/STM32F4xx_HAL_Driver/Src/stm32f4xx_hal.o
 .comment       0x0000000000000043       0x44 ./Drivers/STM32F4xx_HAL_Driver/Src/stm32f4xx_hal_cortex.o
 .comment       0x0000000000000043       0x44 ./Drivers/STM32F4xx_HAL_Driver/Src/stm32f4xx_hal_flash.o
 .comment       0x0000000000000043       0x44 ./Drivers/STM32F4xx_HAL_Driver/Src/stm32f4xx_hal_flash_ex.o
 .comment       0x0000000000000043       0x44 ./Drivers/STM32F4xx_HAL_Driver/Src/stm32f4xx_hal_gpio.o
 .comment       0x0000000000000043       0x44 ./Drivers/STM32F4xx_HAL_Driver/Src/stm32f4xx_hal_rcc.o
 .comment       0x0000000000000043       0x44 ./Drivers/STM32F4xx_HAL_Driver/Src/stm32f4xx_hal_rcc_ex.o
 .comment       0x0000000000000043       0x44 ./Drivers/STM32F4xx_HAL_Driver/Src/stm32f4xx_hal_uart.o

.debug_info     0x0000000000000000     0xb496
 .debug_info    0x0000000000000000      0x85c ./Core/Src/ESP8266_HAL.o
 .debug_info    0x000000000000085c      0x511 ./Core/Src/FLASH_SECTOR_F4.o
 .debug_info    0x0000000000000d6d      0xd9b ./Core/Src/UartRingbuffer_multi.o
 .debug_info    0x0000000000001b08      0x352 ./Core/Src/boot.o
 .debug_info    0x0000000000001e5a     0x15f7 ./Core/Src/main.o
 .debug_info    0x0000000000003451      0xb13 ./Core/Src/stm32f4xx_hal_msp.o
 .debug_info    0x0000000000003f64      0x639 ./Core/Src/stm32f4xx_it.o
 .debug_info    0x000000000000459d      0x168 ./Core/Src/sysmem.o
 .debug_info    0x0000000000004705      0x53e ./Core/Src/system_stm32f4xx.o
 .debug_info    0x0000000000004c43       0x23 ./Core/Startup/startup_stm32f411ceux.o
 .debug_info    0x0000000000004c66      0x8c4 ./Drivers/STM32F4xx_HAL_Driver/Src/stm32f4xx_hal.o
 .debug_info    0x000000000000552a      0xcb6 ./Drivers/STM32F4xx_HAL_Driver/Src/stm32f4xx_hal_cortex.o
 .debug_info    0x00000000000061e0      0x58c ./Drivers/STM32F4xx_HAL_Driver/Src/stm32f4xx_hal_flash.o
 .debug_info    0x000000000000676c      0x7db ./Drivers/STM32F4xx_HAL_Driver/Src/stm32f4xx_hal_flash_ex.o
 .debug_info    0x0000000000006f47      0x6f9 ./Drivers/STM32F4xx_HAL_Driver/Src/stm32f4xx_hal_gpio.o
 .debug_info    0x0000000000007640      0x8f2 ./Drivers/STM32F4xx_HAL_Driver/Src/stm32f4xx_hal_rcc.o
 .debug_info    0x0000000000007f32      0x5a5 ./Drivers/STM32F4xx_HAL_Driver/Src/stm32f4xx_hal_rcc_ex.o
 .debug_info    0x00000000000084d7     0x2fbf ./Drivers/STM32F4xx_HAL_Driver/Src/stm32f4xx_hal_uart.o

.debug_abbrev   0x0000000000000000     0x25d8
 .debug_abbrev  0x0000000000000000      0x219 ./Core/Src/ESP8266_HAL.o
 .debug_abbrev  0x0000000000000219      0x214 ./Core/Src/FLASH_SECTOR_F4.o
 .debug_abbrev  0x000000000000042d      0x385 ./Core/Src/UartRingbuffer_multi.o
 .debug_abbrev  0x00000000000007b2      0x171 ./Core/Src/boot.o
 .debug_abbrev  0x0000000000000923      0x3bd ./Core/Src/main.o
 .debug_abbrev  0x0000000000000ce0      0x1cb ./Core/Src/stm32f4xx_hal_msp.o
 .debug_abbrev  0x0000000000000eab      0x184 ./Core/Src/stm32f4xx_it.o
 .debug_abbrev  0x000000000000102f       0xbc ./Core/Src/sysmem.o
 .debug_abbrev  0x00000000000010eb      0x11a ./Core/Src/system_stm32f4xx.o
 .debug_abbrev  0x0000000000001205       0x12 ./Core/Startup/startup_stm32f411ceux.o
 .debug_abbrev  0x0000000000001217      0x24b ./Drivers/STM32F4xx_HAL_Driver/Src/stm32f4xx_hal.o
 .debug_abbrev  0x0000000000001462      0x327 ./Drivers/STM32F4xx_HAL_Driver/Src/stm32f4xx_hal_cortex.o
 .debug_abbrev  0x0000000000001789      0x28d ./Drivers/STM32F4xx_HAL_Driver/Src/stm32f4xx_hal_flash.o
 .debug_abbrev  0x0000000000001a16      0x26e ./Drivers/STM32F4xx_HAL_Driver/Src/stm32f4xx_hal_flash_ex.o
 .debug_abbrev  0x0000000000001c84      0x1d3 ./Drivers/STM32F4xx_HAL_Driver/Src/stm32f4xx_hal_gpio.o
 .debug_abbrev  0x0000000000001e57      0x2b5 ./Drivers/STM32F4xx_HAL_Driver/Src/stm32f4xx_hal_rcc.o
 .debug_abbrev  0x000000000000210c      0x1b1 ./Drivers/STM32F4xx_HAL_Driver/Src/stm32f4xx_hal_rcc_ex.o
 .debug_abbrev  0x00000000000022bd      0x31b ./Drivers/STM32F4xx_HAL_Driver/Src/stm32f4xx_hal_uart.o

.debug_aranges  0x0000000000000000      0x9d8
 .debug_aranges
                0x0000000000000000       0x30 ./Core/Src/ESP8266_HAL.o
 .debug_aranges
                0x0000000000000030       0x60 ./Core/Src/FLASH_SECTOR_F4.o
 .debug_aranges
                0x0000000000000090       0xa8 ./Core/Src/UartRingbuffer_multi.o
 .debug_aranges
                0x0000000000000138       0x20 ./Core/Src/boot.o
 .debug_aranges
                0x0000000000000158       0xd0 ./Core/Src/main.o
 .debug_aranges
                0x0000000000000228       0x30 ./Core/Src/stm32f4xx_hal_msp.o
 .debug_aranges
                0x0000000000000258       0x70 ./Core/Src/stm32f4xx_it.o
 .debug_aranges
                0x00000000000002c8       0x20 ./Core/Src/sysmem.o
 .debug_aranges
                0x00000000000002e8       0x28 ./Core/Src/system_stm32f4xx.o
 .debug_aranges
                0x0000000000000310       0x28 ./Core/Startup/startup_stm32f411ceux.o
 .debug_aranges
                0x0000000000000338       0xf0 ./Drivers/STM32F4xx_HAL_Driver/Src/stm32f4xx_hal.o
 .debug_aranges
                0x0000000000000428      0x118 ./Drivers/STM32F4xx_HAL_Driver/Src/stm32f4xx_hal_cortex.o
 .debug_aranges
                0x0000000000000540       0xa0 ./Drivers/STM32F4xx_HAL_Driver/Src/stm32f4xx_hal_flash.o
 .debug_aranges
                0x00000000000005e0       0xc8 ./Drivers/STM32F4xx_HAL_Driver/Src/stm32f4xx_hal_flash_ex.o
 .debug_aranges
                0x00000000000006a8       0x58 ./Drivers/STM32F4xx_HAL_Driver/Src/stm32f4xx_hal_gpio.o
 .debug_aranges
                0x0000000000000700       0x88 ./Drivers/STM32F4xx_HAL_Driver/Src/stm32f4xx_hal_rcc.o
 .debug_aranges
                0x0000000000000788       0x50 ./Drivers/STM32F4xx_HAL_Driver/Src/stm32f4xx_hal_rcc_ex.o
 .debug_aranges
                0x00000000000007d8      0x200 ./Drivers/STM32F4xx_HAL_Driver/Src/stm32f4xx_hal_uart.o

.debug_rnglists
                0x0000000000000000      0x790
 .debug_rnglists
                0x0000000000000000       0x21 ./Core/Src/ESP8266_HAL.o
 .debug_rnglists
                0x0000000000000021       0x45 ./Core/Src/FLASH_SECTOR_F4.o
 .debug_rnglists
                0x0000000000000066       0x9f ./Core/Src/UartRingbuffer_multi.o
 .debug_rnglists
                0x0000000000000105       0x13 ./Core/Src/boot.o
 .debug_rnglists
                0x0000000000000118       0xa0 ./Core/Src/main.o
 .debug_rnglists
                0x00000000000001b8       0x20 ./Core/Src/stm32f4xx_hal_msp.o
 .debug_rnglists
                0x00000000000001d8       0x4f ./Core/Src/stm32f4xx_it.o
 .debug_rnglists
                0x0000000000000227       0x13 ./Core/Src/sysmem.o
 .debug_rnglists
                0x000000000000023a       0x1a ./Core/Src/system_stm32f4xx.o
 .debug_rnglists
                0x0000000000000254       0x19 ./Core/Startup/startup_stm32f411ceux.o
 .debug_rnglists
                0x000000000000026d       0xaf ./Drivers/STM32F4xx_HAL_Driver/Src/stm32f4xx_hal.o
 .debug_rnglists
                0x000000000000031c       0xce ./Drivers/STM32F4xx_HAL_Driver/Src/stm32f4xx_hal_cortex.o
 .debug_rnglists
                0x00000000000003ea       0x78 ./Drivers/STM32F4xx_HAL_Driver/Src/stm32f4xx_hal_flash.o
 .debug_rnglists
                0x0000000000000462       0x96 ./Drivers/STM32F4xx_HAL_Driver/Src/stm32f4xx_hal_flash_ex.o
 .debug_rnglists
                0x00000000000004f8       0x3f ./Drivers/STM32F4xx_HAL_Driver/Src/stm32f4xx_hal_gpio.o
 .debug_rnglists
                0x0000000000000537       0x66 ./Drivers/STM32F4xx_HAL_Driver/Src/stm32f4xx_hal_rcc.o
 .debug_rnglists
                0x000000000000059d       0x3c ./Drivers/STM32F4xx_HAL_Driver/Src/stm32f4xx_hal_rcc_ex.o
 .debug_rnglists
                0x00000000000005d9      0x1b7 ./Drivers/STM32F4xx_HAL_Driver/Src/stm32f4xx_hal_uart.o

.debug_macro    0x0000000000000000    0x1663a
 .debug_macro   0x0000000000000000      0x2dc ./Core/Src/ESP8266_HAL.o
 .debug_macro   0x00000000000002dc      0xaa8 ./Core/Src/ESP8266_HAL.o
 .debug_macro   0x0000000000000d84      0x295 ./Core/Src/ESP8266_HAL.o
 .debug_macro   0x0000000000001019       0x2e ./Core/Src/ESP8266_HAL.o
 .debug_macro   0x0000000000001047       0x28 ./Core/Src/ESP8266_HAL.o
 .debug_macro   0x000000000000106f       0x22 ./Core/Src/ESP8266_HAL.o
 .debug_macro   0x0000000000001091       0x8e ./Core/Src/ESP8266_HAL.o
 .debug_macro   0x000000000000111f       0x51 ./Core/Src/ESP8266_HAL.o
 .debug_macro   0x0000000000001170      0x103 ./Core/Src/ESP8266_HAL.o
 .debug_macro   0x0000000000001273       0x6a ./Core/Src/ESP8266_HAL.o
 .debug_macro   0x00000000000012dd      0x1df ./Core/Src/ESP8266_HAL.o
 .debug_macro   0x00000000000014bc       0x1c ./Core/Src/ESP8266_HAL.o
 .debug_macro   0x00000000000014d8       0x22 ./Core/Src/ESP8266_HAL.o
 .debug_macro   0x00000000000014fa       0xd9 ./Core/Src/ESP8266_HAL.o
 .debug_macro   0x00000000000015d3     0x102d ./Core/Src/ESP8266_HAL.o
 .debug_macro   0x0000000000002600      0x11f ./Core/Src/ESP8266_HAL.o
 .debug_macro   0x000000000000271f     0xb953 ./Core/Src/ESP8266_HAL.o
 .debug_macro   0x000000000000e072       0x6d ./Core/Src/ESP8266_HAL.o
 .debug_macro   0x000000000000e0df     0x367e ./Core/Src/ESP8266_HAL.o
 .debug_macro   0x000000000001175d      0x174 ./Core/Src/ESP8266_HAL.o
 .debug_macro   0x00000000000118d1       0x5c ./Core/Src/ESP8266_HAL.o
 .debug_macro   0x000000000001192d      0x447 ./Core/Src/ESP8266_HAL.o
 .debug_macro   0x0000000000011d74      0x9fe ./Core/Src/ESP8266_HAL.o
 .debug_macro   0x0000000000012772      0x115 ./Core/Src/ESP8266_HAL.o
 .debug_macro   0x0000000000012887      0x11b ./Core/Src/ESP8266_HAL.o
 .debug_macro   0x00000000000129a2       0xa5 ./Core/Src/ESP8266_HAL.o
 .debug_macro   0x0000000000012a47      0x15f ./Core/Src/ESP8266_HAL.o
 .debug_macro   0x0000000000012ba6      0x287 ./Core/Src/ESP8266_HAL.o
 .debug_macro   0x0000000000012e2d       0x5f ./Core/Src/ESP8266_HAL.o
 .debug_macro   0x0000000000012e8c      0x236 ./Core/Src/ESP8266_HAL.o
 .debug_macro   0x00000000000130c2      0x132 ./Core/Src/ESP8266_HAL.o
 .debug_macro   0x00000000000131f4      0x264 ./Core/Src/ESP8266_HAL.o
 .debug_macro   0x0000000000013458       0x2e ./Core/Src/ESP8266_HAL.o
 .debug_macro   0x0000000000013486      0x11a ./Core/Src/ESP8266_HAL.o
 .debug_macro   0x00000000000135a0       0x85 ./Core/Src/ESP8266_HAL.o
 .debug_macro   0x0000000000013625       0x89 ./Core/Src/ESP8266_HAL.o
 .debug_macro   0x00000000000136ae      0x295 ./Core/Src/ESP8266_HAL.o
 .debug_macro   0x0000000000013943      0x126 ./Core/Src/ESP8266_HAL.o
 .debug_macro   0x0000000000013a69       0x61 ./Core/Src/ESP8266_HAL.o
 .debug_macro   0x0000000000013aca       0x2a ./Core/Src/ESP8266_HAL.o
 .debug_macro   0x0000000000013af4       0x43 ./Core/Src/ESP8266_HAL.o
 .debug_macro   0x0000000000013b37       0x34 ./Core/Src/ESP8266_HAL.o
 .debug_macro   0x0000000000013b6b       0x16 ./Core/Src/ESP8266_HAL.o
 .debug_macro   0x0000000000013b81       0x35 ./Core/Src/ESP8266_HAL.o
 .debug_macro   0x0000000000013bb6      0x369 ./Core/Src/ESP8266_HAL.o
 .debug_macro   0x0000000000013f1f       0x10 ./Core/Src/ESP8266_HAL.o
 .debug_macro   0x0000000000013f2f       0x16 ./Core/Src/ESP8266_HAL.o
 .debug_macro   0x0000000000013f45       0x43 ./Core/Src/ESP8266_HAL.o
 .debug_macro   0x0000000000013f88       0x34 ./Core/Src/ESP8266_HAL.o
 .debug_macro   0x0000000000013fbc       0x10 ./Core/Src/ESP8266_HAL.o
 .debug_macro   0x0000000000013fcc       0x58 ./Core/Src/ESP8266_HAL.o
 .debug_macro   0x0000000000014024       0x8e ./Core/Src/ESP8266_HAL.o
 .debug_macro   0x00000000000140b2       0x1c ./Core/Src/ESP8266_HAL.o
 .debug_macro   0x00000000000140ce      0x177 ./Core/Src/ESP8266_HAL.o
 .debug_macro   0x0000000000014245       0x16 ./Core/Src/ESP8266_HAL.o
 .debug_macro   0x000000000001425b       0x16 ./Core/Src/ESP8266_HAL.o
 .debug_macro   0x0000000000014271      0x147 ./Core/Src/ESP8266_HAL.o
 .debug_macro   0x00000000000143b8       0x16 ./Core/Src/ESP8266_HAL.o
 .debug_macro   0x00000000000143ce       0x20 ./Core/Src/ESP8266_HAL.o
 .debug_macro   0x00000000000143ee      0x2c6 ./Core/Src/FLASH_SECTOR_F4.o
 .debug_macro   0x00000000000146b4       0x10 ./Core/Src/FLASH_SECTOR_F4.o
 .debug_macro   0x00000000000146c4       0x1c ./Core/Src/FLASH_SECTOR_F4.o
 .debug_macro   0x00000000000146e0       0x1c ./Core/Src/FLASH_SECTOR_F4.o
 .debug_macro   0x00000000000146fc      0x2b4 ./Core/Src/UartRingbuffer_multi.o
 .debug_macro   0x00000000000149b0      0x1c4 ./Core/Src/boot.o
 .debug_macro   0x0000000000014b74      0x373 ./Core/Src/main.o
 .debug_macro   0x0000000000014ee7       0x10 ./Core/Src/main.o
 .debug_macro   0x0000000000014ef7       0x16 ./Core/Src/main.o
 .debug_macro   0x0000000000014f0d       0x16 ./Core/Src/main.o
 .debug_macro   0x0000000000014f23       0x29 ./Core/Src/main.o
 .debug_macro   0x0000000000014f4c      0x1c4 ./Core/Src/stm32f4xx_hal_msp.o
 .debug_macro   0x0000000000015110      0x1ce ./Core/Src/stm32f4xx_it.o
 .debug_macro   0x00000000000152de       0xff ./Core/Src/sysmem.o
 .debug_macro   0x00000000000153dd      0x23c ./Core/Src/sysmem.o
 .debug_macro   0x0000000000015619      0x1ba ./Core/Src/system_stm32f4xx.o
 .debug_macro   0x00000000000157d3      0x21a ./Drivers/STM32F4xx_HAL_Driver/Src/stm32f4xx_hal.o
 .debug_macro   0x00000000000159ed      0x1ba ./Drivers/STM32F4xx_HAL_Driver/Src/stm32f4xx_hal_cortex.o
 .debug_macro   0x0000000000015ba7      0x1c0 ./Drivers/STM32F4xx_HAL_Driver/Src/stm32f4xx_hal_flash.o
 .debug_macro   0x0000000000015d67      0x1c0 ./Drivers/STM32F4xx_HAL_Driver/Src/stm32f4xx_hal_flash_ex.o
 .debug_macro   0x0000000000015f27      0x1c0 ./Drivers/STM32F4xx_HAL_Driver/Src/stm32f4xx_hal_gpio.o
 .debug_macro   0x00000000000160e7      0x1de ./Drivers/STM32F4xx_HAL_Driver/Src/stm32f4xx_hal_rcc.o
 .debug_macro   0x00000000000162c5      0x1ba ./Drivers/STM32F4xx_HAL_Driver/Src/stm32f4xx_hal_rcc_ex.o
 .debug_macro   0x000000000001647f      0x1bb ./Drivers/STM32F4xx_HAL_Driver/Src/stm32f4xx_hal_uart.o

.debug_line     0x0000000000000000     0xd905
 .debug_line    0x0000000000000000      0x9e8 ./Core/Src/ESP8266_HAL.o
 .debug_line    0x00000000000009e8      0xb15 ./Core/Src/FLASH_SECTOR_F4.o
 .debug_line    0x00000000000014fd     0x10cc ./Core/Src/UartRingbuffer_multi.o
 .debug_line    0x00000000000025c9      0x75a ./Core/Src/boot.o
 .debug_line    0x0000000000002d23     0x1301 ./Core/Src/main.o
 .debug_line    0x0000000000004024      0x7b6 ./Core/Src/stm32f4xx_hal_msp.o
 .debug_line    0x00000000000047da      0x826 ./Core/Src/stm32f4xx_it.o
 .debug_line    0x0000000000005000      0x597 ./Core/Src/sysmem.o
 .debug_line    0x0000000000005597      0x7af ./Core/Src/system_stm32f4xx.o
 .debug_line    0x0000000000005d46       0x7a ./Core/Startup/startup_stm32f411ceux.o
 .debug_line    0x0000000000005dc0      0xa15 ./Drivers/STM32F4xx_HAL_Driver/Src/stm32f4xx_hal.o
 .debug_line    0x00000000000067d5      0xcc4 ./Drivers/STM32F4xx_HAL_Driver/Src/stm32f4xx_hal_cortex.o
 .debug_line    0x0000000000007499      0xab4 ./Drivers/STM32F4xx_HAL_Driver/Src/stm32f4xx_hal_flash.o
 .debug_line    0x0000000000007f4d      0xbb9 ./Drivers/STM32F4xx_HAL_Driver/Src/stm32f4xx_hal_flash_ex.o
 .debug_line    0x0000000000008b06      0xb4d ./Drivers/STM32F4xx_HAL_Driver/Src/stm32f4xx_hal_gpio.o
 .debug_line    0x0000000000009653      0xd8c ./Drivers/STM32F4xx_HAL_Driver/Src/stm32f4xx_hal_rcc.o
 .debug_line    0x000000000000a3df      0xa6f ./Drivers/STM32F4xx_HAL_Driver/Src/stm32f4xx_hal_rcc_ex.o
 .debug_line    0x000000000000ae4e     0x2ab7 ./Drivers/STM32F4xx_HAL_Driver/Src/stm32f4xx_hal_uart.o

.debug_str      0x0000000000000000    0x86636
 .debug_str     0x0000000000000000    0x83303 ./Core/Src/ESP8266_HAL.o
                                      0x835fe (size before relaxing)
 .debug_str     0x0000000000083303      0x22e ./Core/Src/FLASH_SECTOR_F4.o
                                      0x83359 (size before relaxing)
 .debug_str     0x0000000000083531      0x2bc ./Core/Src/UartRingbuffer_multi.o
                                      0x8320b (size before relaxing)
 .debug_str     0x00000000000837ed       0xfe ./Core/Src/boot.o
                                      0x7fa66 (size before relaxing)
 .debug_str     0x00000000000838eb      0x8a1 ./Core/Src/main.o
                                      0x83fc2 (size before relaxing)
 .debug_str     0x000000000008418c      0x4a8 ./Core/Src/stm32f4xx_hal_msp.o
                                      0x8032f (size before relaxing)
 .debug_str     0x0000000000084634       0xed ./Core/Src/stm32f4xx_it.o
                                      0x7fe66 (size before relaxing)
 .debug_str     0x0000000000084721      0x4dc ./Core/Src/sysmem.o
                                       0x6059 (size before relaxing)
 .debug_str     0x0000000000084bfd       0x87 ./Core/Src/system_stm32f4xx.o
                                      0x7fb0c (size before relaxing)
 .debug_str     0x0000000000084c84       0x34 ./Core/Startup/startup_stm32f411ceux.o
                                         0x6b (size before relaxing)
 .debug_str     0x0000000000084cb8      0x5ea ./Drivers/STM32F4xx_HAL_Driver/Src/stm32f4xx_hal.o
                                      0x80538 (size before relaxing)
 .debug_str     0x00000000000852a2      0x321 ./Drivers/STM32F4xx_HAL_Driver/Src/stm32f4xx_hal_cortex.o
                                      0x80259 (size before relaxing)
 .debug_str     0x00000000000855c3      0x27e ./Drivers/STM32F4xx_HAL_Driver/Src/stm32f4xx_hal_flash.o
                                      0x7fcea (size before relaxing)
 .debug_str     0x0000000000085841      0x2ae ./Drivers/STM32F4xx_HAL_Driver/Src/stm32f4xx_hal_flash_ex.o
                                      0x7fe0d (size before relaxing)
 .debug_str     0x0000000000085aef      0x158 ./Drivers/STM32F4xx_HAL_Driver/Src/stm32f4xx_hal_gpio.o
                                      0x7fc87 (size before relaxing)
 .debug_str     0x0000000000085c47      0x219 ./Drivers/STM32F4xx_HAL_Driver/Src/stm32f4xx_hal_rcc.o
                                      0x7ff40 (size before relaxing)
 .debug_str     0x0000000000085e60      0x1aa ./Drivers/STM32F4xx_HAL_Driver/Src/stm32f4xx_hal_rcc_ex.o
                                      0x7fc94 (size before relaxing)
 .debug_str     0x000000000008600a      0x62c ./Drivers/STM32F4xx_HAL_Driver/Src/stm32f4xx_hal_uart.o
                                      0x804cd (size before relaxing)

.debug_frame    0x0000000000000000     0x2ccc
 .debug_frame   0x0000000000000000       0x80 ./Core/Src/ESP8266_HAL.o
 .debug_frame   0x0000000000000080      0x174 ./Core/Src/FLASH_SECTOR_F4.o
 .debug_frame   0x00000000000001f4      0x2ac ./Core/Src/UartRingbuffer_multi.o
 .debug_frame   0x00000000000004a0       0x34 ./Core/Src/boot.o
 .debug_frame   0x00000000000004d4      0x350 ./Core/Src/main.o
 .debug_frame   0x0000000000000824       0x80 ./Core/Src/stm32f4xx_hal_msp.o
 .debug_frame   0x00000000000008a4      0x13c ./Core/Src/stm32f4xx_it.o
 .debug_frame   0x00000000000009e0       0x34 ./Core/Src/sysmem.o
 .debug_frame   0x0000000000000a14       0x58 ./Core/Src/system_stm32f4xx.o
 .debug_frame   0x0000000000000a6c      0x374 ./Drivers/STM32F4xx_HAL_Driver/Src/stm32f4xx_hal.o
 .debug_frame   0x0000000000000de0      0x498 ./Drivers/STM32F4xx_HAL_Driver/Src/stm32f4xx_hal_cortex.o
 .debug_frame   0x0000000000001278      0x274 ./Drivers/STM32F4xx_HAL_Driver/Src/stm32f4xx_hal_flash.o
 .debug_frame   0x00000000000014ec      0x334 ./Drivers/STM32F4xx_HAL_Driver/Src/stm32f4xx_hal_flash_ex.o
 .debug_frame   0x0000000000001820      0x14c ./Drivers/STM32F4xx_HAL_Driver/Src/stm32f4xx_hal_gpio.o
 .debug_frame   0x000000000000196c      0x1f4 ./Drivers/STM32F4xx_HAL_Driver/Src/stm32f4xx_hal_rcc.o
 .debug_frame   0x0000000000001b60      0x118 ./Drivers/STM32F4xx_HAL_Driver/Src/stm32f4xx_hal_rcc_ex.o
 .debug_frame   0x0000000000001c78      0x92c ./Drivers/STM32F4xx_HAL_Driver/Src/stm32f4xx_hal_uart.o
 .debug_frame   0x00000000000025a4       0x30 D:/Stm32IDE/STM32CubeIDE_1.13.1/STM32CubeIDE/plugins/com.st.stm32cube.ide.mcu.externaltools.gnu-tools-for-stm32.11.3.rel1.win32_1.1.1.202309131626/tools/bin/../lib/gcc/arm-none-eabi/11.3.1/../../../../arm-none-eabi/lib/thumb/v7e-m+fp/hard\libc_nano.a(libc_a-atoi.o)
 .debug_frame   0x00000000000025d4       0x64 D:/Stm32IDE/STM32CubeIDE_1.13.1/STM32CubeIDE/plugins/com.st.stm32cube.ide.mcu.externaltools.gnu-tools-for-stm32.11.3.rel1.win32_1.1.1.202309131626/tools/bin/../lib/gcc/arm-none-eabi/11.3.1/../../../../arm-none-eabi/lib/thumb/v7e-m+fp/hard\libc_nano.a(libc_a-strtol.o)
 .debug_frame   0x0000000000002638       0x64 D:/Stm32IDE/STM32CubeIDE_1.13.1/STM32CubeIDE/plugins/com.st.stm32cube.ide.mcu.externaltools.gnu-tools-for-stm32.11.3.rel1.win32_1.1.1.202309131626/tools/bin/../lib/gcc/arm-none-eabi/11.3.1/../../../../arm-none-eabi/lib/thumb/v7e-m+fp/hard\libc_nano.a(libc_a-strtoul.o)
 .debug_frame   0x000000000000269c      0x144 D:/Stm32IDE/STM32CubeIDE_1.13.1/STM32CubeIDE/plugins/com.st.stm32cube.ide.mcu.externaltools.gnu-tools-for-stm32.11.3.rel1.win32_1.1.1.202309131626/tools/bin/../lib/gcc/arm-none-eabi/11.3.1/../../../../arm-none-eabi/lib/thumb/v7e-m+fp/hard\libc_nano.a(libc_a-findfp.o)
 .debug_frame   0x00000000000027e0       0x6c D:/Stm32IDE/STM32CubeIDE_1.13.1/STM32CubeIDE/plugins/com.st.stm32cube.ide.mcu.externaltools.gnu-tools-for-stm32.11.3.rel1.win32_1.1.1.202309131626/tools/bin/../lib/gcc/arm-none-eabi/11.3.1/../../../../arm-none-eabi/lib/thumb/v7e-m+fp/hard\libc_nano.a(libc_a-sprintf.o)
 .debug_frame   0x000000000000284c       0x28 D:/Stm32IDE/STM32CubeIDE_1.13.1/STM32CubeIDE/plugins/com.st.stm32cube.ide.mcu.externaltools.gnu-tools-for-stm32.11.3.rel1.win32_1.1.1.202309131626/tools/bin/../lib/gcc/arm-none-eabi/11.3.1/../../../../arm-none-eabi/lib/thumb/v7e-m+fp/hard\libc_nano.a(libc_a-memmove.o)
 .debug_frame   0x0000000000002874       0x20 D:/Stm32IDE/STM32CubeIDE_1.13.1/STM32CubeIDE/plugins/com.st.stm32cube.ide.mcu.externaltools.gnu-tools-for-stm32.11.3.rel1.win32_1.1.1.202309131626/tools/bin/../lib/gcc/arm-none-eabi/11.3.1/../../../../arm-none-eabi/lib/thumb/v7e-m+fp/hard\libc_nano.a(libc_a-memset.o)
 .debug_frame   0x0000000000002894       0x2c D:/Stm32IDE/STM32CubeIDE_1.13.1/STM32CubeIDE/plugins/com.st.stm32cube.ide.mcu.externaltools.gnu-tools-for-stm32.11.3.rel1.win32_1.1.1.202309131626/tools/bin/../lib/gcc/arm-none-eabi/11.3.1/../../../../arm-none-eabi/lib/thumb/v7e-m+fp/hard\libc_nano.a(libc_a-strstr.o)
 .debug_frame   0x00000000000028c0       0x38 D:/Stm32IDE/STM32CubeIDE_1.13.1/STM32CubeIDE/plugins/com.st.stm32cube.ide.mcu.externaltools.gnu-tools-for-stm32.11.3.rel1.win32_1.1.1.202309131626/tools/bin/../lib/gcc/arm-none-eabi/11.3.1/../../../../arm-none-eabi/lib/thumb/v7e-m+fp/hard\libc_nano.a(libc_a-reent.o)
 .debug_frame   0x00000000000028f8       0x20 D:/Stm32IDE/STM32CubeIDE_1.13.1/STM32CubeIDE/plugins/com.st.stm32cube.ide.mcu.externaltools.gnu-tools-for-stm32.11.3.rel1.win32_1.1.1.202309131626/tools/bin/../lib/gcc/arm-none-eabi/11.3.1/../../../../arm-none-eabi/lib/thumb/v7e-m+fp/hard\libc_nano.a(libc_a-errno.o)
 .debug_frame   0x0000000000002918       0x2c D:/Stm32IDE/STM32CubeIDE_1.13.1/STM32CubeIDE/plugins/com.st.stm32cube.ide.mcu.externaltools.gnu-tools-for-stm32.11.3.rel1.win32_1.1.1.202309131626/tools/bin/../lib/gcc/arm-none-eabi/11.3.1/../../../../arm-none-eabi/lib/thumb/v7e-m+fp/hard\libc_nano.a(libc_a-init.o)
 .debug_frame   0x0000000000002944       0xb0 D:/Stm32IDE/STM32CubeIDE_1.13.1/STM32CubeIDE/plugins/com.st.stm32cube.ide.mcu.externaltools.gnu-tools-for-stm32.11.3.rel1.win32_1.1.1.202309131626/tools/bin/../lib/gcc/arm-none-eabi/11.3.1/../../../../arm-none-eabi/lib/thumb/v7e-m+fp/hard\libc_nano.a(libc_a-lock.o)
 .debug_frame   0x00000000000029f4       0x20 D:/Stm32IDE/STM32CubeIDE_1.13.1/STM32CubeIDE/plugins/com.st.stm32cube.ide.mcu.externaltools.gnu-tools-for-stm32.11.3.rel1.win32_1.1.1.202309131626/tools/bin/../lib/gcc/arm-none-eabi/11.3.1/../../../../arm-none-eabi/lib/thumb/v7e-m+fp/hard\libc_nano.a(libc_a-strcmp.o)