../Core/Src/main.c:114:10:convert_uint8_to_int	24	static
../Core/Src/main.c:130:5:hexCharToInt	0	static
../Core/Src/main.c:146:5:hexPairToInt	0	static
../Core/Src/main.c:173:6:print_pc	0	static
../Core/Src/main.c:177:6:print_pc_version	8	static
../Core/Src/main.c:182:5:count_string	0	static
../Core/Src/main.c:190:5:count_string2	16	static
../Core/Src/main.c:199:5:count_string3	16	static
../Core/Src/main.c:208:19:ReadAllLine	48	static
../Core/Src/main.c:311:6:CopyandFlash	48	static
../Core/Src/main.c:395:6:parse_character_strings	48	static
../Core/Src/main.c:411:6:compare_version	16	static
../Core/Src/main.c:445:6:ESP_Get_Firmware	256	static
../Core/Src/main.c:611:6:SystemClock_Config	88	static,ignoring_inline_asm
../Core/Src/main.c:506:5:main	24	static,ignoring_inline_asm
../Core/Src/main.c:731:6:Error_Handler	0	static,ignoring_inline_asm
