../Core/Src/main.c:119:5:countCharacters	0	static
../Core/Src/main.c:126:6:removeAndShift	24	static
../Core/Src/main.c:146:10:convert_uint8_to_int	24	static
../Core/Src/main.c:157:5:hexCharToInt	0	static
../Core/Src/main.c:170:5:hexPairToInt	0	static
../Core/Src/main.c:195:6:print_pc	0	static
../Core/Src/main.c:198:6:print_pc_version	8	static
../Core/Src/main.c:202:5:count_string	0	static
../Core/Src/main.c:210:5:count_string2	16	static
../Core/Src/main.c:219:5:count_string3	20	static
../Core/Src/main.c:232:5:count_where_error	0	static
../Core/Src/main.c:241:5:count_string4	20	static
../Core/Src/main.c:254:19:ReadAllLine	48	static
../Core/Src/main.c:357:6:CopyandFlash	80	static
../Core/Src/main.c:477:6:parse_character_strings	48	static
../Core/Src/main.c:493:6:compare_version	24	static
../Core/Src/main.c:529:6:ESP_Get_Firmware	256	static
../Core/Src/main.c:659:6:SystemClock_Config	88	static,ignoring_inline_asm
../Core/Src/main.c:568:5:main	16	static,ignoring_inline_asm
../Core/Src/main.c:779:6:Error_Handler	0	static,ignoring_inline_asm
