../Core/Src/UartRingbuffer_multi.c:42:5:count_string1	0	static
../Core/Src/UartRingbuffer_multi.c:50:6:ReadLine	24	static
../Core/Src/UartRingbuffer_multi.c:65:6:Ringbuf_init	0	static
../Core/Src/UartRingbuffer_multi.c:80:6:store_char	8	static
../Core/Src/UartRingbuffer_multi.c:93:5:Look_for	16	static
../Core/Src/UartRingbuffer_multi.c:120:6:GetDataFromBuffer	32	static
../Core/Src/UartRingbuffer_multi.c:172:6:Uart_flush	16	static
../Core/Src/UartRingbuffer_multi.c:183:5:Uart_peek	0	static
../Core/Src/UartRingbuffer_multi.c:203:5:Uart_read	8	static
../Core/Src/UartRingbuffer_multi.c:232:6:Uart_write	12	static
../Core/Src/UartRingbuffer_multi.c:266:5:IsDataAvailable	0	static
../Core/Src/UartRingbuffer_multi.c:290:6:Uart_sendstring	16	static
../Core/Src/UartRingbuffer_multi.c:295:6:Uart_printbase	56	static
../Core/Src/UartRingbuffer_multi.c:316:5:Copy_upto_rn	40	static
../Core/Src/UartRingbuffer_multi.c:363:5:Copy_upto_closed	40	static
../Core/Src/UartRingbuffer_multi.c:413:5:Wait_for	40	static
../Core/Src/UartRingbuffer_multi.c:277:5:Get_after	24	static
../Core/Src/UartRingbuffer_multi.c:469:6:Uart_isr	8	static
