../Core/Src/main.c:118:5:countCharacters	24	static
../Core/Src/main.c:125:6:removeAndShift	40	static
../Core/Src/main.c:145:10:convert_uint8_to_int	40	static
../Core/Src/main.c:156:5:hexCharToInt	24	static
../Core/Src/main.c:169:5:hexPairToInt	24	static
../Core/Src/main.c:194:6:print_pc	16	static
../Core/Src/main.c:197:6:print_pc_version	8	static
../Core/Src/main.c:201:5:count_string	24	static
../Core/Src/main.c:209:5:count_string2	16	static
../Core/Src/main.c:218:5:count_string3	16	static
../Core/Src/main.c:231:5:count_where_error	24	static
../Core/Src/main.c:240:5:count_string4	24	static
../Core/Src/main.c:253:19:ReadAllLine	56	static
../Core/Src/main.c:356:6:CopyandFlash	136	static
../Core/Src/main.c:476:6:parse_character_strings	48	static
../Core/Src/main.c:492:6:compare_version	8	static
../Core/Src/main.c:530:6:ESP_Get_Firmware	256	static
../Core/Src/main.c:569:5:main	16	static
../Core/Src/main.c:662:6:SystemClock_Config	88	static
../Core/Src/main.c:701:13:MX_USART1_UART_Init	8	static
../Core/Src/main.c:732:13:MX_USART2_UART_Init	8	static
../Core/Src/main.c:763:13:MX_GPIO_Init	16	static
../Core/Src/main.c:782:6:Error_Handler	4	static,ignoring_inline_asm
