../Core/Src/main.c:114:10:convert_uint8_to_int	40	static
../Core/Src/main.c:130:5:hexCharToInt	24	static
../Core/Src/main.c:146:5:hexPairToInt	24	static
../Core/Src/main.c:173:6:print_pc	16	static
../Core/Src/main.c:177:6:print_pc_version	8	static
../Core/Src/main.c:182:5:count_string	24	static
../Core/Src/main.c:190:5:count_string2	16	static
../Core/Src/main.c:199:5:count_string3	16	static
../Core/Src/main.c:208:19:ReadAllLine	56	static
../Core/Src/main.c:311:6:CopyandFlash	80	static
../Core/Src/main.c:395:6:parse_character_strings	48	static
../Core/Src/main.c:411:6:compare_version	8	static
../Core/Src/main.c:445:6:ESP_Get_Firmware	256	static
../Core/Src/main.c:506:5:main	16	static
../Core/Src/main.c:611:6:SystemClock_Config	88	static
../Core/Src/main.c:650:13:MX_USART1_UART_Init	8	static
../Core/Src/main.c:681:13:MX_USART2_UART_Init	8	static
../Core/Src/main.c:712:13:MX_GPIO_Init	16	static
../Core/Src/main.c:731:6:Error_Handler	4	static,ignoring_inline_asm
