../Core/Src/UartRingbuffer_multi.c:42:5:count_string1	24	static
../Core/Src/UartRingbuffer_multi.c:50:6:ReadLine	24	static
../Core/Src/UartRingbuffer_multi.c:65:6:Ringbuf_init	4	static
../Core/Src/UartRingbuffer_multi.c:80:6:store_char	24	static
../Core/Src/UartRingbuffer_multi.c:93:5:Look_for	32	static
../Core/Src/UartRingbuffer_multi.c:120:6:GetDataFromBuffer	56	static
../Core/Src/UartRingbuffer_multi.c:172:6:Uart_flush	16	static
../Core/Src/UartRingbuffer_multi.c:183:5:Uart_peek	16	static
../Core/Src/UartRingbuffer_multi.c:203:5:Uart_read	24	static
../Core/Src/UartRingbuffer_multi.c:232:6:Uart_write	24	static
../Core/Src/UartRingbuffer_multi.c:266:5:IsDataAvailable	16	static
../Core/Src/UartRingbuffer_multi.c:277:5:Get_after	32	static
../Core/Src/UartRingbuffer_multi.c:290:6:Uart_sendstring	16	static
../Core/Src/UartRingbuffer_multi.c:295:6:Uart_printbase	72	static
../Core/Src/UartRingbuffer_multi.c:316:5:Copy_upto_rn	40	static
../Core/Src/UartRingbuffer_multi.c:363:5:Copy_upto_closed	40	static
../Core/Src/UartRingbuffer_multi.c:413:5:Wait_for	24	static
../Core/Src/UartRingbuffer_multi.c:469:6:Uart_isr	32	static
